[0.654s] Invoking command in '/home/gramisaam/mtre4820-final-project/src/ml_model': PYTHONPATH=/home/gramisaam/mtre4820-final-project/build/ml_model/prefix_override:/usr/lib/python3/dist-packages/colcon_core/task/python/colcon_distutils_commands:/home/gramisaam/mtre4820-final-project/install/ml_model/lib/python3.10/site-packages:${PYTHONPATH} /usr/bin/python3 -W ignore:setup.py install is deprecated -W ignore:easy_install command is deprecated setup.py egg_info --egg-base ../../build/ml_model build --build-base /home/gramisaam/mtre4820-final-project/build/ml_model/build install --record /home/gramisaam/mtre4820-final-project/build/ml_model/install.log --single-version-externally-managed install_data
[0.870s] running egg_info
[0.870s] writing ../../build/ml_model/ml_model.egg-info/PKG-INFO
[0.870s] writing dependency_links to ../../build/ml_model/ml_model.egg-info/dependency_links.txt
[0.871s] writing entry points to ../../build/ml_model/ml_model.egg-info/entry_points.txt
[0.871s] writing requirements to ../../build/ml_model/ml_model.egg-info/requires.txt
[0.871s] writing top-level names to ../../build/ml_model/ml_model.egg-info/top_level.txt
[0.872s] reading manifest file '../../build/ml_model/ml_model.egg-info/SOURCES.txt'
[0.873s] writing manifest file '../../build/ml_model/ml_model.egg-info/SOURCES.txt'
[0.873s] running build
[0.873s] running build_py
[0.873s] copying ml_model/model_node.py -> /home/gramisaam/mtre4820-final-project/build/ml_model/build/lib/ml_model
[0.874s] copying ml_model/__init__.py -> /home/gramisaam/mtre4820-final-project/build/ml_model/build/lib/ml_model
[0.874s] running install
[0.874s] running install_lib
[0.875s] copying /home/gramisaam/mtre4820-final-project/build/ml_model/build/lib/ml_model/model_node.py -> /home/gramisaam/mtre4820-final-project/install/ml_model/lib/python3.10/site-packages/ml_model
[0.875s] copying /home/gramisaam/mtre4820-final-project/build/ml_model/build/lib/ml_model/__init__.py -> /home/gramisaam/mtre4820-final-project/install/ml_model/lib/python3.10/site-packages/ml_model
[0.875s] byte-compiling /home/gramisaam/mtre4820-final-project/install/ml_model/lib/python3.10/site-packages/ml_model/model_node.py to model_node.cpython-310.pyc
[0.876s] byte-compiling /home/gramisaam/mtre4820-final-project/install/ml_model/lib/python3.10/site-packages/ml_model/__init__.py to __init__.cpython-310.pyc
[0.876s] running install_data
[0.877s] copying resource/ml_model -> /home/gramisaam/mtre4820-final-project/install/ml_model/share/ament_index/resource_index/packages
[0.877s] copying package.xml -> /home/gramisaam/mtre4820-final-project/install/ml_model/share/ml_model
[0.877s] running install_egg_info
[0.878s] removing '/home/gramisaam/mtre4820-final-project/install/ml_model/lib/python3.10/site-packages/ml_model-0.0.0-py3.10.egg-info' (and everything under it)
[0.878s] Copying ../../build/ml_model/ml_model.egg-info to /home/gramisaam/mtre4820-final-project/install/ml_model/lib/python3.10/site-packages/ml_model-0.0.0-py3.10.egg-info
[0.879s] running install_scripts
[0.896s] Installing model_node script to /home/gramisaam/mtre4820-final-project/install/ml_model/lib/ml_model
[0.896s] writing list of installed files to '/home/gramisaam/mtre4820-final-project/build/ml_model/install.log'
[0.915s] Invoked command in '/home/gramisaam/mtre4820-final-project/src/ml_model' returned '0': PYTHONPATH=/home/gramisaam/mtre4820-final-project/build/ml_model/prefix_override:/usr/lib/python3/dist-packages/colcon_core/task/python/colcon_distutils_commands:/home/gramisaam/mtre4820-final-project/install/ml_model/lib/python3.10/site-packages:${PYTHONPATH} /usr/bin/python3 -W ignore:setup.py install is deprecated -W ignore:easy_install command is deprecated setup.py egg_info --egg-base ../../build/ml_model build --build-base /home/gramisaam/mtre4820-final-project/build/ml_model/build install --record /home/gramisaam/mtre4820-final-project/build/ml_model/install.log --single-version-externally-managed install_data
