[2.848s] Invoking command in '/home/gramisaam/mtre4820-final-project/src/ml_model': PYTHONPATH=/home/gramisaam/mtre4820-final-project/build/ml_model/prefix_override:/usr/lib/python3/dist-packages/colcon_core/task/python/colcon_distutils_commands:/home/gramisaam/mtre4820-final-project/install/ml_model/lib/python3.10/site-packages:${PYTHONPATH} /usr/bin/python3 -W ignore:setup.py install is deprecated -W ignore:easy_install command is deprecated setup.py egg_info --egg-base ../../build/ml_model build --build-base /home/gramisaam/mtre4820-final-project/build/ml_model/build install --record /home/gramisaam/mtre4820-final-project/build/ml_model/install.log --single-version-externally-managed install_data
[3.803s] running egg_info
[3.812s] writing ../../build/ml_model/ml_model.egg-info/PKG-INFO
[3.812s] writing dependency_links to ../../build/ml_model/ml_model.egg-info/dependency_links.txt
[3.812s] writing entry points to ../../build/ml_model/ml_model.egg-info/entry_points.txt
[3.813s] writing requirements to ../../build/ml_model/ml_model.egg-info/requires.txt
[3.813s] writing top-level names to ../../build/ml_model/ml_model.egg-info/top_level.txt
[3.824s] reading manifest file '../../build/ml_model/ml_model.egg-info/SOURCES.txt'
[3.826s] writing manifest file '../../build/ml_model/ml_model.egg-info/SOURCES.txt'
[3.827s] running build
[3.827s] running build_py
[3.828s] copying ml_model/ambulance_controller.py -> /home/gramisaam/mtre4820-final-project/build/ml_model/build/lib/ml_model
[3.829s] running install
[3.831s] running install_lib
[3.833s] copying /home/gramisaam/mtre4820-final-project/build/ml_model/build/lib/ml_model/ambulance_controller.py -> /home/gramisaam/mtre4820-final-project/install/ml_model/lib/python3.10/site-packages/ml_model
[3.836s] byte-compiling /home/gramisaam/mtre4820-final-project/install/ml_model/lib/python3.10/site-packages/ml_model/ambulance_controller.py to ambulance_controller.cpython-310.pyc
[3.850s] running install_data
[3.851s] running install_egg_info
[3.854s] removing '/home/gramisaam/mtre4820-final-project/install/ml_model/lib/python3.10/site-packages/ml_model-0.0.0-py3.10.egg-info' (and everything under it)
[3.855s] Copying ../../build/ml_model/ml_model.egg-info to /home/gramisaam/mtre4820-final-project/install/ml_model/lib/python3.10/site-packages/ml_model-0.0.0-py3.10.egg-info
[3.858s] running install_scripts
[3.915s] Installing ambulance_controller script to /home/gramisaam/mtre4820-final-project/install/ml_model/lib/ml_model
[3.918s] Installing model_node script to /home/gramisaam/mtre4820-final-project/install/ml_model/lib/ml_model
[3.919s] writing list of installed files to '/home/gramisaam/mtre4820-final-project/build/ml_model/install.log'
[3.976s] Invoked command in '/home/gramisaam/mtre4820-final-project/src/ml_model' returned '0': PYTHONPATH=/home/gramisaam/mtre4820-final-project/build/ml_model/prefix_override:/usr/lib/python3/dist-packages/colcon_core/task/python/colcon_distutils_commands:/home/gramisaam/mtre4820-final-project/install/ml_model/lib/python3.10/site-packages:${PYTHONPATH} /usr/bin/python3 -W ignore:setup.py install is deprecated -W ignore:easy_install command is deprecated setup.py egg_info --egg-base ../../build/ml_model build --build-base /home/gramisaam/mtre4820-final-project/build/ml_model/build install --record /home/gramisaam/mtre4820-final-project/build/ml_model/install.log --single-version-externally-managed install_data
