[3.621s] Invoking command in '/home/gramisaam/mtre4820-final-project/src/ml_model': PYTHONPATH=/home/gramisaam/mtre4820-final-project/build/ml_model/prefix_override:/usr/lib/python3/dist-packages/colcon_core/task/python/colcon_distutils_commands:/home/gramisaam/mtre4820-final-project/install/ml_model/lib/python3.10/site-packages:${PYTHONPATH} /usr/bin/python3 -W ignore:setup.py install is deprecated -W ignore:easy_install command is deprecated setup.py egg_info --egg-base ../../build/ml_model build --build-base /home/gramisaam/mtre4820-final-project/build/ml_model/build install --record /home/gramisaam/mtre4820-final-project/build/ml_model/install.log --single-version-externally-managed install_data
[4.430s] running egg_info
[4.432s] writing ../../build/ml_model/ml_model.egg-info/PKG-INFO
[4.435s] writing dependency_links to ../../build/ml_model/ml_model.egg-info/dependency_links.txt
[4.436s] writing entry points to ../../build/ml_model/ml_model.egg-info/entry_points.txt
[4.436s] writing requirements to ../../build/ml_model/ml_model.egg-info/requires.txt
[4.436s] writing top-level names to ../../build/ml_model/ml_model.egg-info/top_level.txt
[4.437s] reading manifest file '../../build/ml_model/ml_model.egg-info/SOURCES.txt'
[4.439s] writing manifest file '../../build/ml_model/ml_model.egg-info/SOURCES.txt'
[4.439s] running build
[4.440s] running build_py
[4.440s] copying ml_model/model_node.py -> /home/gramisaam/mtre4820-final-project/build/ml_model/build/lib/ml_model
[4.442s] running install
[4.443s] running install_lib
[4.445s] copying /home/gramisaam/mtre4820-final-project/build/ml_model/build/lib/ml_model/model_node.py -> /home/gramisaam/mtre4820-final-project/install/ml_model/lib/python3.10/site-packages/ml_model
[4.447s] byte-compiling /home/gramisaam/mtre4820-final-project/install/ml_model/lib/python3.10/site-packages/ml_model/model_node.py to model_node.cpython-310.pyc
[4.448s] running install_data
[4.451s] running install_egg_info
[4.453s] removing '/home/gramisaam/mtre4820-final-project/install/ml_model/lib/python3.10/site-packages/ml_model-0.0.0-py3.10.egg-info' (and everything under it)
[4.453s] Copying ../../build/ml_model/ml_model.egg-info to /home/gramisaam/mtre4820-final-project/install/ml_model/lib/python3.10/site-packages/ml_model-0.0.0-py3.10.egg-info
[4.456s] running install_scripts
[4.520s] Installing model_node script to /home/gramisaam/mtre4820-final-project/install/ml_model/lib/ml_model
[4.521s] writing list of installed files to '/home/gramisaam/mtre4820-final-project/build/ml_model/install.log'
[4.597s] Invoked command in '/home/gramisaam/mtre4820-final-project/src/ml_model' returned '0': PYTHONPATH=/home/gramisaam/mtre4820-final-project/build/ml_model/prefix_override:/usr/lib/python3/dist-packages/colcon_core/task/python/colcon_distutils_commands:/home/gramisaam/mtre4820-final-project/install/ml_model/lib/python3.10/site-packages:${PYTHONPATH} /usr/bin/python3 -W ignore:setup.py install is deprecated -W ignore:easy_install command is deprecated setup.py egg_info --egg-base ../../build/ml_model build --build-base /home/gramisaam/mtre4820-final-project/build/ml_model/build install --record /home/gramisaam/mtre4820-final-project/build/ml_model/install.log --single-version-externally-managed install_data
