[0.977s] [34mcolcon[0m [1;30mDEBUG[0m [32mCommand line arguments: ['/usr/bin/colcon', 'build'][0m
[0.977s] [34mcolcon[0m [1;30mDEBUG[0m [32mParsed command line arguments: Namespace(log_base=None, log_level=None, verb_name='build', build_base='build', install_base='install', merge_install=False, symlink_install=False, test_result_base=None, continue_on_error=False, executor='parallel', parallel_workers=8, event_handlers=None, ignore_user_meta=False, metas=['./colcon.meta'], base_paths=['.'], packages_ignore=None, packages_ignore_regex=None, paths=None, packages_up_to=None, packages_up_to_regex=None, packages_above=None, packages_above_and_dependencies=None, packages_above_depth=None, packages_select_by_dep=None, packages_skip_by_dep=None, packages_skip_up_to=None, packages_select_build_failed=False, packages_skip_build_finished=False, packages_select_test_failures=False, packages_skip_test_passed=False, packages_select=None, packages_skip=None, packages_select_regex=None, packages_skip_regex=None, packages_start=None, packages_end=None, allow_overriding=[], cmake_args=None, cmake_target=None, cmake_target_skip_unavailable=False, cmake_clean_cache=False, cmake_clean_first=False, cmake_force_configure=False, ament_cmake_args=None, catkin_cmake_args=None, catkin_skip_building_tests=False, mixin_files=None, mixin=None, verb_parser=<colcon_mixin.mixin.mixin_argument.MixinArgumentDecorator object at 0x7f2b22b27eb0>, verb_extension=<colcon_core.verb.build.BuildVerb object at 0x7f2b22b27910>, main=<bound method BuildVerb.main of <colcon_core.verb.build.BuildVerb object at 0x7f2b22b27910>>, mixin_verb=('build',))[0m
[1.688s] [34mcolcon.colcon_core.package_discovery[0m [1;30mLevel 1[0m discover_packages(colcon_meta) check parameters
[1.688s] [34mcolcon.colcon_core.package_discovery[0m [1;30mLevel 1[0m discover_packages(recursive) check parameters
[1.688s] [34mcolcon.colcon_core.package_discovery[0m [1;30mLevel 1[0m discover_packages(ignore) check parameters
[1.688s] [34mcolcon.colcon_core.package_discovery[0m [1;30mLevel 1[0m discover_packages(path) check parameters
[1.688s] [34mcolcon.colcon_core.package_discovery[0m [1;30mLevel 1[0m discover_packages(colcon_meta) discover
[1.688s] [34mcolcon.colcon_core.package_discovery[0m [1;30mLevel 1[0m discover_packages(recursive) discover
[1.688s] [34mcolcon.colcon_core.package_discovery[0m [1;30mINFO[0m Crawling recursively for packages in '/home/gramisaam/mtre4820-final-project'
[1.689s] [34mcolcon.colcon_core.package_identification[0m [1;30mLevel 1[0m _identify(.) by extensions ['ignore', 'ignore_ament_install']
[1.689s] [34mcolcon.colcon_core.package_identification[0m [1;30mLevel 1[0m _identify(.) by extension 'ignore'
[1.689s] [34mcolcon.colcon_core.package_identification[0m [1;30mLevel 1[0m _identify(.) by extension 'ignore_ament_install'
[1.689s] [34mcolcon.colcon_core.package_identification[0m [1;30mLevel 1[0m _identify(.) by extensions ['colcon_pkg']
[1.689s] [34mcolcon.colcon_core.package_identification[0m [1;30mLevel 1[0m _identify(.) by extension 'colcon_pkg'
[1.689s] [34mcolcon.colcon_core.package_identification[0m [1;30mLevel 1[0m _identify(.) by extensions ['colcon_meta']
[1.689s] [34mcolcon.colcon_core.package_identification[0m [1;30mLevel 1[0m _identify(.) by extension 'colcon_meta'
[1.689s] [34mcolcon.colcon_core.package_identification[0m [1;30mLevel 1[0m _identify(.) by extensions ['ros']
[1.689s] [34mcolcon.colcon_core.package_identification[0m [1;30mLevel 1[0m _identify(.) by extension 'ros'
[1.809s] [34mcolcon.colcon_core.package_identification[0m [1;30mLevel 1[0m _identify(.) by extensions ['cmake', 'python']
[1.809s] [34mcolcon.colcon_core.package_identification[0m [1;30mLevel 1[0m _identify(.) by extension 'cmake'
[1.809s] [34mcolcon.colcon_core.package_identification[0m [1;30mLevel 1[0m _identify(.) by extension 'python'
[1.810s] [34mcolcon.colcon_core.package_identification[0m [1;30mLevel 1[0m _identify(.) by extensions ['python_setup_py']
[1.810s] [34mcolcon.colcon_core.package_identification[0m [1;30mLevel 1[0m _identify(.) by extension 'python_setup_py'
[1.812s] [34mcolcon.colcon_core.package_identification[0m [1;30mLevel 1[0m _identify(build) by extensions ['ignore', 'ignore_ament_install']
[1.813s] [34mcolcon.colcon_core.package_identification[0m [1;30mLevel 1[0m _identify(build) by extension 'ignore'
[1.813s] [34mcolcon.colcon_core.package_identification[0m [1;30mLevel 1[0m _identify(build) ignored
[1.813s] [34mcolcon.colcon_core.package_identification[0m [1;30mLevel 1[0m _identify(install) by extensions ['ignore', 'ignore_ament_install']
[1.813s] [34mcolcon.colcon_core.package_identification[0m [1;30mLevel 1[0m _identify(install) by extension 'ignore'
[1.813s] [34mcolcon.colcon_core.package_identification[0m [1;30mLevel 1[0m _identify(install) ignored
[1.814s] [34mcolcon.colcon_core.package_identification[0m [1;30mLevel 1[0m _identify(log) by extensions ['ignore', 'ignore_ament_install']
[1.814s] [34mcolcon.colcon_core.package_identification[0m [1;30mLevel 1[0m _identify(log) by extension 'ignore'
[1.814s] [34mcolcon.colcon_core.package_identification[0m [1;30mLevel 1[0m _identify(log) ignored
[1.815s] [34mcolcon.colcon_core.package_identification[0m [1;30mLevel 1[0m _identify(src) by extensions ['ignore', 'ignore_ament_install']
[1.815s] [34mcolcon.colcon_core.package_identification[0m [1;30mLevel 1[0m _identify(src) by extension 'ignore'
[1.815s] [34mcolcon.colcon_core.package_identification[0m [1;30mLevel 1[0m _identify(src) by extension 'ignore_ament_install'
[1.815s] [34mcolcon.colcon_core.package_identification[0m [1;30mLevel 1[0m _identify(src) by extensions ['colcon_pkg']
[1.815s] [34mcolcon.colcon_core.package_identification[0m [1;30mLevel 1[0m _identify(src) by extension 'colcon_pkg'
[1.815s] [34mcolcon.colcon_core.package_identification[0m [1;30mLevel 1[0m _identify(src) by extensions ['colcon_meta']
[1.816s] [34mcolcon.colcon_core.package_identification[0m [1;30mLevel 1[0m _identify(src) by extension 'colcon_meta'
[1.816s] [34mcolcon.colcon_core.package_identification[0m [1;30mLevel 1[0m _identify(src) by extensions ['ros']
[1.816s] [34mcolcon.colcon_core.package_identification[0m [1;30mLevel 1[0m _identify(src) by extension 'ros'
[1.816s] [34mcolcon.colcon_core.package_identification[0m [1;30mLevel 1[0m _identify(src) by extensions ['cmake', 'python']
[1.817s] [34mcolcon.colcon_core.package_identification[0m [1;30mLevel 1[0m _identify(src) by extension 'cmake'
[1.818s] [34mcolcon.colcon_core.package_identification[0m [1;30mLevel 1[0m _identify(src) by extension 'python'
[1.818s] [34mcolcon.colcon_core.package_identification[0m [1;30mLevel 1[0m _identify(src) by extensions ['python_setup_py']
[1.818s] [34mcolcon.colcon_core.package_identification[0m [1;30mLevel 1[0m _identify(src) by extension 'python_setup_py'
[1.819s] [34mcolcon.colcon_core.package_identification[0m [1;30mLevel 1[0m _identify(src/build) by extensions ['ignore', 'ignore_ament_install']
[1.819s] [34mcolcon.colcon_core.package_identification[0m [1;30mLevel 1[0m _identify(src/build) by extension 'ignore'
[1.819s] [34mcolcon.colcon_core.package_identification[0m [1;30mLevel 1[0m _identify(src/build) ignored
[1.819s] [34mcolcon.colcon_core.package_identification[0m [1;30mLevel 1[0m _identify(src/install) by extensions ['ignore', 'ignore_ament_install']
[1.819s] [34mcolcon.colcon_core.package_identification[0m [1;30mLevel 1[0m _identify(src/install) by extension 'ignore'
[1.820s] [34mcolcon.colcon_core.package_identification[0m [1;30mLevel 1[0m _identify(src/install) ignored
[1.820s] [34mcolcon.colcon_core.package_identification[0m [1;30mLevel 1[0m _identify(src/log) by extensions ['ignore', 'ignore_ament_install']
[1.829s] [34mcolcon.colcon_core.package_identification[0m [1;30mLevel 1[0m _identify(src/log) by extension 'ignore'
[1.829s] [34mcolcon.colcon_core.package_identification[0m [1;30mLevel 1[0m _identify(src/log) ignored
[1.830s] [34mcolcon.colcon_core.package_identification[0m [1;30mLevel 1[0m _identify(src/ml_model) by extensions ['ignore', 'ignore_ament_install']
[1.830s] [34mcolcon.colcon_core.package_identification[0m [1;30mLevel 1[0m _identify(src/ml_model) by extension 'ignore'
[1.830s] [34mcolcon.colcon_core.package_identification[0m [1;30mLevel 1[0m _identify(src/ml_model) by extension 'ignore_ament_install'
[1.830s] [34mcolcon.colcon_core.package_identification[0m [1;30mLevel 1[0m _identify(src/ml_model) by extensions ['colcon_pkg']
[1.830s] [34mcolcon.colcon_core.package_identification[0m [1;30mLevel 1[0m _identify(src/ml_model) by extension 'colcon_pkg'
[1.830s] [34mcolcon.colcon_core.package_identification[0m [1;30mLevel 1[0m _identify(src/ml_model) by extensions ['colcon_meta']
[1.830s] [34mcolcon.colcon_core.package_identification[0m [1;30mLevel 1[0m _identify(src/ml_model) by extension 'colcon_meta'
[1.831s] [34mcolcon.colcon_core.package_identification[0m [1;30mLevel 1[0m _identify(src/ml_model) by extensions ['ros']
[1.831s] [34mcolcon.colcon_core.package_identification[0m [1;30mLevel 1[0m _identify(src/ml_model) by extension 'ros'
[1.846s] [34mcolcon.colcon_core.package_identification[0m [1;30mDEBUG[0m [32mPackage 'src/ml_model' with type 'ros.ament_python' and name 'ml_model'[0m
[1.847s] [34mcolcon.colcon_core.package_identification[0m [1;30mLevel 1[0m _identify(src/mtre4820_rosbot) by extensions ['ignore', 'ignore_ament_install']
[1.847s] [34mcolcon.colcon_core.package_identification[0m [1;30mLevel 1[0m _identify(src/mtre4820_rosbot) by extension 'ignore'
[1.847s] [34mcolcon.colcon_core.package_identification[0m [1;30mLevel 1[0m _identify(src/mtre4820_rosbot) by extension 'ignore_ament_install'
[1.847s] [34mcolcon.colcon_core.package_identification[0m [1;30mLevel 1[0m _identify(src/mtre4820_rosbot) by extensions ['colcon_pkg']
[1.847s] [34mcolcon.colcon_core.package_identification[0m [1;30mLevel 1[0m _identify(src/mtre4820_rosbot) by extension 'colcon_pkg'
[1.847s] [34mcolcon.colcon_core.package_identification[0m [1;30mLevel 1[0m _identify(src/mtre4820_rosbot) by extensions ['colcon_meta']
[1.847s] [34mcolcon.colcon_core.package_identification[0m [1;30mLevel 1[0m _identify(src/mtre4820_rosbot) by extension 'colcon_meta'
[1.847s] [34mcolcon.colcon_core.package_identification[0m [1;30mLevel 1[0m _identify(src/mtre4820_rosbot) by extensions ['ros']
[1.847s] [34mcolcon.colcon_core.package_identification[0m [1;30mLevel 1[0m _identify(src/mtre4820_rosbot) by extension 'ros'
[1.853s] [34mcolcon.colcon_core.package_identification[0m [1;30mDEBUG[0m [32mPackage 'src/mtre4820_rosbot' with type 'ros.ament_cmake' and name 'mtre4820_rosbot'[0m
[1.853s] [34mcolcon.colcon_core.package_discovery[0m [1;30mLevel 1[0m discover_packages(recursive) using defaults
[1.854s] [34mcolcon.colcon_core.package_discovery[0m [1;30mLevel 1[0m discover_packages(ignore) discover
[1.854s] [34mcolcon.colcon_core.package_discovery[0m [1;30mLevel 1[0m discover_packages(ignore) using defaults
[1.854s] [34mcolcon.colcon_core.package_discovery[0m [1;30mLevel 1[0m discover_packages(path) discover
[1.854s] [34mcolcon.colcon_core.package_discovery[0m [1;30mLevel 1[0m discover_packages(path) using defaults
[1.910s] [34mcolcon.colcon_core.package_discovery[0m [1;30mLevel 1[0m discover_packages(prefix_path) check parameters
[1.910s] [34mcolcon.colcon_core.package_discovery[0m [1;30mLevel 1[0m discover_packages(prefix_path) discover
[1.919s] [34mcolcon.colcon_installed_package_information.package_discovery[0m [1;30mDEBUG[0m [32mFound 3 installed packages in /home/gramisaam/mtre4820-final-project/install[0m
[1.923s] [34mcolcon.colcon_installed_package_information.package_discovery[0m [1;30mDEBUG[0m [32mFound 16 installed packages in /home/gramisaam/rosbot_ws/install[0m
[1.925s] [34mcolcon.colcon_installed_package_information.package_discovery[0m [1;30mDEBUG[0m [32mFound 1 installed packages in /home/gramisaam/mtre4820-final-project/src/install[0m
[1.930s] [34mcolcon.colcon_installed_package_information.package_discovery[0m [1;30mDEBUG[0m [32mFound 477 installed packages in /opt/ros/humble[0m
[1.941s] [34mcolcon.colcon_core.package_discovery[0m [1;30mLevel 1[0m discover_packages(prefix_path) using defaults
[2.122s] [34mcolcon.colcon_core.verb[0m [1;30mLevel 5[0m set package 'ml_model' build argument 'cmake_args' from command line to 'None'
[2.122s] [34mcolcon.colcon_core.verb[0m [1;30mLevel 5[0m set package 'ml_model' build argument 'cmake_target' from command line to 'None'
[2.123s] [34mcolcon.colcon_core.verb[0m [1;30mLevel 5[0m set package 'ml_model' build argument 'cmake_target_skip_unavailable' from command line to 'False'
[2.123s] [34mcolcon.colcon_core.verb[0m [1;30mLevel 5[0m set package 'ml_model' build argument 'cmake_clean_cache' from command line to 'False'
[2.123s] [34mcolcon.colcon_core.verb[0m [1;30mLevel 5[0m set package 'ml_model' build argument 'cmake_clean_first' from command line to 'False'
[2.123s] [34mcolcon.colcon_core.verb[0m [1;30mLevel 5[0m set package 'ml_model' build argument 'cmake_force_configure' from command line to 'False'
[2.123s] [34mcolcon.colcon_core.verb[0m [1;30mLevel 5[0m set package 'ml_model' build argument 'ament_cmake_args' from command line to 'None'
[2.123s] [34mcolcon.colcon_core.verb[0m [1;30mLevel 5[0m set package 'ml_model' build argument 'catkin_cmake_args' from command line to 'None'
[2.123s] [34mcolcon.colcon_core.verb[0m [1;30mLevel 5[0m set package 'ml_model' build argument 'catkin_skip_building_tests' from command line to 'False'
[2.123s] [34mcolcon.colcon_core.verb[0m [1;30mDEBUG[0m [32mBuilding package 'ml_model' with the following arguments: {'ament_cmake_args': None, 'build_base': '/home/gramisaam/mtre4820-final-project/build/ml_model', 'catkin_cmake_args': None, 'catkin_skip_building_tests': False, 'cmake_args': None, 'cmake_clean_cache': False, 'cmake_clean_first': False, 'cmake_force_configure': False, 'cmake_target': None, 'cmake_target_skip_unavailable': False, 'install_base': '/home/gramisaam/mtre4820-final-project/install/ml_model', 'merge_install': False, 'path': '/home/gramisaam/mtre4820-final-project/src/ml_model', 'symlink_install': False, 'test_result_base': None}[0m
[2.124s] [34mcolcon.colcon_core.verb[0m [1;30mLevel 5[0m set package 'mtre4820_rosbot' build argument 'cmake_args' from command line to 'None'
[2.124s] [34mcolcon.colcon_core.verb[0m [1;30mLevel 5[0m set package 'mtre4820_rosbot' build argument 'cmake_target' from command line to 'None'
[2.124s] [34mcolcon.colcon_core.verb[0m [1;30mLevel 5[0m set package 'mtre4820_rosbot' build argument 'cmake_target_skip_unavailable' from command line to 'False'
[2.124s] [34mcolcon.colcon_core.verb[0m [1;30mLevel 5[0m set package 'mtre4820_rosbot' build argument 'cmake_clean_cache' from command line to 'False'
[2.124s] [34mcolcon.colcon_core.verb[0m [1;30mLevel 5[0m set package 'mtre4820_rosbot' build argument 'cmake_clean_first' from command line to 'False'
[2.124s] [34mcolcon.colcon_core.verb[0m [1;30mLevel 5[0m set package 'mtre4820_rosbot' build argument 'cmake_force_configure' from command line to 'False'
[2.124s] [34mcolcon.colcon_core.verb[0m [1;30mLevel 5[0m set package 'mtre4820_rosbot' build argument 'ament_cmake_args' from command line to 'None'
[2.126s] [34mcolcon.colcon_core.verb[0m [1;30mLevel 5[0m set package 'mtre4820_rosbot' build argument 'catkin_cmake_args' from command line to 'None'
[2.126s] [34mcolcon.colcon_core.verb[0m [1;30mLevel 5[0m set package 'mtre4820_rosbot' build argument 'catkin_skip_building_tests' from command line to 'False'
[2.127s] [34mcolcon.colcon_core.verb[0m [1;30mDEBUG[0m [32mBuilding package 'mtre4820_rosbot' with the following arguments: {'ament_cmake_args': None, 'build_base': '/home/gramisaam/mtre4820-final-project/build/mtre4820_rosbot', 'catkin_cmake_args': None, 'catkin_skip_building_tests': False, 'cmake_args': None, 'cmake_clean_cache': False, 'cmake_clean_first': False, 'cmake_force_configure': False, 'cmake_target': None, 'cmake_target_skip_unavailable': False, 'install_base': '/home/gramisaam/mtre4820-final-project/install/mtre4820_rosbot', 'merge_install': False, 'path': '/home/gramisaam/mtre4820-final-project/src/mtre4820_rosbot', 'symlink_install': False, 'test_result_base': None}[0m
[2.127s] [34mcolcon.colcon_core.executor[0m [1;30mINFO[0m Executing jobs using 'parallel' executor
[2.134s] [34mcolcon.colcon_parallel_executor.executor.parallel[0m [1;30mDEBUG[0m [32mrun_until_complete[0m
[2.135s] [34mcolcon.colcon_ros.task.ament_python.build[0m [1;30mINFO[0m Building ROS package in '/home/gramisaam/mtre4820-final-project/src/ml_model' with build type 'ament_python'
[2.135s] [34mcolcon.colcon_core.shell[0m [1;30mLevel 1[0m create_environment_hook('ml_model', 'ament_prefix_path')
[2.155s] [34mcolcon.colcon_core.plugin_system[0m [1;30mINFO[0m Skipping extension 'colcon_core.shell.bat': Not used on non-Windows systems
[2.160s] [34mcolcon.colcon_core.shell[0m [1;30mINFO[0m Creating environment hook '/home/gramisaam/mtre4820-final-project/install/ml_model/share/ml_model/hook/ament_prefix_path.ps1'
[2.162s] [34mcolcon.colcon_core.shell[0m [1;30mINFO[0m Creating environment descriptor '/home/gramisaam/mtre4820-final-project/install/ml_model/share/ml_model/hook/ament_prefix_path.dsv'
[2.163s] [34mcolcon.colcon_core.shell[0m [1;30mINFO[0m Creating environment hook '/home/gramisaam/mtre4820-final-project/install/ml_model/share/ml_model/hook/ament_prefix_path.sh'
[2.172s] [34mcolcon.colcon_core.shell[0m [1;30mINFO[0m Skip shell extension 'powershell' for command environment: Not usable outside of PowerShell
[2.173s] [34mcolcon.colcon_core.shell[0m [1;30mDEBUG[0m [32mSkip shell extension 'dsv' for command environment[0m
[2.201s] [34mcolcon.colcon_ros.task.ament_cmake.build[0m [1;30mINFO[0m Building ROS package in '/home/gramisaam/mtre4820-final-project/src/mtre4820_rosbot' with build type 'ament_cmake'
[2.201s] [34mcolcon.colcon_cmake.task.cmake.build[0m [1;30mINFO[0m Building CMake package in '/home/gramisaam/mtre4820-final-project/src/mtre4820_rosbot'
[2.202s] [34mcolcon.colcon_core.shell[0m [1;30mINFO[0m Skip shell extension 'powershell' for command environment: Not usable outside of PowerShell
[2.202s] [34mcolcon.colcon_core.shell[0m [1;30mDEBUG[0m [32mSkip shell extension 'dsv' for command environment[0m
[3.314s] [34mcolcon.colcon_core.task.python.build[0m [1;30mINFO[0m Building Python package in '/home/gramisaam/mtre4820-final-project/src/ml_model'
[3.315s] [34mcolcon.colcon_core.shell[0m [1;30mINFO[0m Skip shell extension 'powershell' for command environment: Not usable outside of PowerShell
[3.315s] [34mcolcon.colcon_core.shell[0m [1;30mDEBUG[0m [32mSkip shell extension 'dsv' for command environment[0m
[3.346s] [34mcolcon.colcon_core.event_handler.log_command[0m [1;30mDEBUG[0m [32mInvoking command in '/home/gramisaam/mtre4820-final-project/build/mtre4820_rosbot': CMAKE_PREFIX_PATH=${CMAKE_PREFIX_PATH}:/home/gramisaam/mtre4820-final-project/install/node_example_pkg:/home/gramisaam/mtre4820-final-project/install/ml_model:/home/gramisaam/rosbot_ws/install/rosbot_gazebo:/home/gramisaam/rosbot_ws/install/rosbot_controller:/home/gramisaam/rosbot_ws/install/rosbot_utils:/home/gramisaam/rosbot_ws/install/rosbot_bringup:/opt/ros/humble /usr/bin/cmake --build /home/gramisaam/mtre4820-final-project/build/mtre4820_rosbot -- -j8 -l8[0m
[3.516s] [34mcolcon.colcon_core.event_handler.log_command[0m [1;30mDEBUG[0m [32mInvoked command in '/home/gramisaam/mtre4820-final-project/build/mtre4820_rosbot' returned '0': CMAKE_PREFIX_PATH=${CMAKE_PREFIX_PATH}:/home/gramisaam/mtre4820-final-project/install/node_example_pkg:/home/gramisaam/mtre4820-final-project/install/ml_model:/home/gramisaam/rosbot_ws/install/rosbot_gazebo:/home/gramisaam/rosbot_ws/install/rosbot_controller:/home/gramisaam/rosbot_ws/install/rosbot_utils:/home/gramisaam/rosbot_ws/install/rosbot_bringup:/opt/ros/humble /usr/bin/cmake --build /home/gramisaam/mtre4820-final-project/build/mtre4820_rosbot -- -j8 -l8[0m
[3.564s] [34mcolcon.colcon_core.event_handler.log_command[0m [1;30mDEBUG[0m [32mInvoking command in '/home/gramisaam/mtre4820-final-project/build/mtre4820_rosbot': CMAKE_PREFIX_PATH=${CMAKE_PREFIX_PATH}:/home/gramisaam/mtre4820-final-project/install/node_example_pkg:/home/gramisaam/mtre4820-final-project/install/ml_model:/home/gramisaam/rosbot_ws/install/rosbot_gazebo:/home/gramisaam/rosbot_ws/install/rosbot_controller:/home/gramisaam/rosbot_ws/install/rosbot_utils:/home/gramisaam/rosbot_ws/install/rosbot_bringup:/opt/ros/humble /usr/bin/cmake --install /home/gramisaam/mtre4820-final-project/build/mtre4820_rosbot[0m
[3.610s] [34mcolcon.colcon_core.environment[0m [1;30mLevel 1[0m create_environment_scripts_only(mtre4820_rosbot)
[3.617s] [34mcolcon.colcon_core.event_handler.log_command[0m [1;30mDEBUG[0m [32mInvoked command in '/home/gramisaam/mtre4820-final-project/build/mtre4820_rosbot' returned '0': CMAKE_PREFIX_PATH=${CMAKE_PREFIX_PATH}:/home/gramisaam/mtre4820-final-project/install/node_example_pkg:/home/gramisaam/mtre4820-final-project/install/ml_model:/home/gramisaam/rosbot_ws/install/rosbot_gazebo:/home/gramisaam/rosbot_ws/install/rosbot_controller:/home/gramisaam/rosbot_ws/install/rosbot_utils:/home/gramisaam/rosbot_ws/install/rosbot_bringup:/opt/ros/humble /usr/bin/cmake --install /home/gramisaam/mtre4820-final-project/build/mtre4820_rosbot[0m
[3.626s] [34mcolcon.colcon_core.environment[0m [1;30mLevel 1[0m checking '/home/gramisaam/mtre4820-final-project/install/mtre4820_rosbot' for CMake module files
[3.628s] [34mcolcon.colcon_core.environment[0m [1;30mLevel 1[0m checking '/home/gramisaam/mtre4820-final-project/install/mtre4820_rosbot' for CMake config files
[3.633s] [34mcolcon.colcon_core.shell[0m [1;30mLevel 1[0m create_environment_hook('mtre4820_rosbot', 'cmake_prefix_path')
[3.633s] [34mcolcon.colcon_core.shell[0m [1;30mINFO[0m Creating environment hook '/home/gramisaam/mtre4820-final-project/install/mtre4820_rosbot/share/mtre4820_rosbot/hook/cmake_prefix_path.ps1'
[3.640s] [34mcolcon.colcon_core.shell[0m [1;30mINFO[0m Creating environment descriptor '/home/gramisaam/mtre4820-final-project/install/mtre4820_rosbot/share/mtre4820_rosbot/hook/cmake_prefix_path.dsv'
[3.641s] [34mcolcon.colcon_core.shell[0m [1;30mINFO[0m Creating environment hook '/home/gramisaam/mtre4820-final-project/install/mtre4820_rosbot/share/mtre4820_rosbot/hook/cmake_prefix_path.sh'
[3.643s] [34mcolcon.colcon_core.environment[0m [1;30mLevel 1[0m checking '/home/gramisaam/mtre4820-final-project/install/mtre4820_rosbot/bin'
[3.643s] [34mcolcon.colcon_core.environment[0m [1;30mLevel 1[0m checking '/home/gramisaam/mtre4820-final-project/install/mtre4820_rosbot/lib/pkgconfig/mtre4820_rosbot.pc'
[3.644s] [34mcolcon.colcon_core.environment[0m [1;30mLevel 1[0m checking '/home/gramisaam/mtre4820-final-project/install/mtre4820_rosbot/lib/python3.10/site-packages'
[3.649s] [34mcolcon.colcon_core.environment[0m [1;30mLevel 1[0m checking '/home/gramisaam/mtre4820-final-project/install/mtre4820_rosbot/bin'
[3.650s] [34mcolcon.colcon_core.shell[0m [1;30mINFO[0m Creating package script '/home/gramisaam/mtre4820-final-project/install/mtre4820_rosbot/share/mtre4820_rosbot/package.ps1'
[3.652s] [34mcolcon.colcon_core.shell[0m [1;30mINFO[0m Creating package descriptor '/home/gramisaam/mtre4820-final-project/install/mtre4820_rosbot/share/mtre4820_rosbot/package.dsv'
[3.655s] [34mcolcon.colcon_core.shell[0m [1;30mINFO[0m Creating package script '/home/gramisaam/mtre4820-final-project/install/mtre4820_rosbot/share/mtre4820_rosbot/package.sh'
[3.657s] [34mcolcon.colcon_core.shell[0m [1;30mINFO[0m Creating package script '/home/gramisaam/mtre4820-final-project/install/mtre4820_rosbot/share/mtre4820_rosbot/package.bash'
[3.659s] [34mcolcon.colcon_core.shell[0m [1;30mINFO[0m Creating package script '/home/gramisaam/mtre4820-final-project/install/mtre4820_rosbot/share/mtre4820_rosbot/package.zsh'
[3.661s] [34mcolcon.colcon_core.environment[0m [1;30mLevel 1[0m create_file_with_runtime_dependencies(/home/gramisaam/mtre4820-final-project/install/mtre4820_rosbot/share/colcon-core/packages/mtre4820_rosbot)
[3.662s] [34mcolcon.colcon_core.environment[0m [1;30mLevel 1[0m create_environment_scripts_only(mtre4820_rosbot)
[3.663s] [34mcolcon.colcon_core.environment[0m [1;30mLevel 1[0m checking '/home/gramisaam/mtre4820-final-project/install/mtre4820_rosbot' for CMake module files
[3.664s] [34mcolcon.colcon_core.environment[0m [1;30mLevel 1[0m checking '/home/gramisaam/mtre4820-final-project/install/mtre4820_rosbot' for CMake config files
[3.665s] [34mcolcon.colcon_core.shell[0m [1;30mLevel 1[0m create_environment_hook('mtre4820_rosbot', 'cmake_prefix_path')
[3.666s] [34mcolcon.colcon_core.shell[0m [1;30mINFO[0m Creating environment hook '/home/gramisaam/mtre4820-final-project/install/mtre4820_rosbot/share/mtre4820_rosbot/hook/cmake_prefix_path.ps1'
[3.667s] [34mcolcon.colcon_core.shell[0m [1;30mINFO[0m Creating environment descriptor '/home/gramisaam/mtre4820-final-project/install/mtre4820_rosbot/share/mtre4820_rosbot/hook/cmake_prefix_path.dsv'
[3.667s] [34mcolcon.colcon_core.shell[0m [1;30mINFO[0m Creating environment hook '/home/gramisaam/mtre4820-final-project/install/mtre4820_rosbot/share/mtre4820_rosbot/hook/cmake_prefix_path.sh'
[3.669s] [34mcolcon.colcon_core.environment[0m [1;30mLevel 1[0m checking '/home/gramisaam/mtre4820-final-project/install/mtre4820_rosbot/bin'
[3.669s] [34mcolcon.colcon_core.environment[0m [1;30mLevel 1[0m checking '/home/gramisaam/mtre4820-final-project/install/mtre4820_rosbot/lib/pkgconfig/mtre4820_rosbot.pc'
[3.670s] [34mcolcon.colcon_core.environment[0m [1;30mLevel 1[0m checking '/home/gramisaam/mtre4820-final-project/install/mtre4820_rosbot/lib/python3.10/site-packages'
[3.670s] [34mcolcon.colcon_core.environment[0m [1;30mLevel 1[0m checking '/home/gramisaam/mtre4820-final-project/install/mtre4820_rosbot/bin'
[3.671s] [34mcolcon.colcon_core.shell[0m [1;30mINFO[0m Creating package script '/home/gramisaam/mtre4820-final-project/install/mtre4820_rosbot/share/mtre4820_rosbot/package.ps1'
[3.672s] [34mcolcon.colcon_core.shell[0m [1;30mINFO[0m Creating package descriptor '/home/gramisaam/mtre4820-final-project/install/mtre4820_rosbot/share/mtre4820_rosbot/package.dsv'
[3.674s] [34mcolcon.colcon_core.shell[0m [1;30mINFO[0m Creating package script '/home/gramisaam/mtre4820-final-project/install/mtre4820_rosbot/share/mtre4820_rosbot/package.sh'
[3.674s] [34mcolcon.colcon_core.shell[0m [1;30mINFO[0m Creating package script '/home/gramisaam/mtre4820-final-project/install/mtre4820_rosbot/share/mtre4820_rosbot/package.bash'
[3.676s] [34mcolcon.colcon_core.shell[0m [1;30mINFO[0m Creating package script '/home/gramisaam/mtre4820-final-project/install/mtre4820_rosbot/share/mtre4820_rosbot/package.zsh'
[3.677s] [34mcolcon.colcon_core.environment[0m [1;30mLevel 1[0m create_file_with_runtime_dependencies(/home/gramisaam/mtre4820-final-project/install/mtre4820_rosbot/share/colcon-core/packages/mtre4820_rosbot)
[4.984s] [34mcolcon.colcon_core.event_handler.log_command[0m [1;30mDEBUG[0m [32mInvoking command in '/home/gramisaam/mtre4820-final-project/src/ml_model': PYTHONPATH=/home/gramisaam/mtre4820-final-project/build/ml_model/prefix_override:/usr/lib/python3/dist-packages/colcon_core/task/python/colcon_distutils_commands:/home/gramisaam/mtre4820-final-project/install/ml_model/lib/python3.10/site-packages:${PYTHONPATH} /usr/bin/python3 -W ignore:setup.py install is deprecated -W ignore:easy_install command is deprecated setup.py egg_info --egg-base ../../build/ml_model build --build-base /home/gramisaam/mtre4820-final-project/build/ml_model/build install --record /home/gramisaam/mtre4820-final-project/build/ml_model/install.log --single-version-externally-managed install_data[0m
[6.111s] [34mcolcon.colcon_core.environment[0m [1;30mLevel 1[0m checking '/home/gramisaam/mtre4820-final-project/install/ml_model' for CMake module files
[6.112s] [34mcolcon.colcon_core.event_handler.log_command[0m [1;30mDEBUG[0m [32mInvoked command in '/home/gramisaam/mtre4820-final-project/src/ml_model' returned '0': PYTHONPATH=/home/gramisaam/mtre4820-final-project/build/ml_model/prefix_override:/usr/lib/python3/dist-packages/colcon_core/task/python/colcon_distutils_commands:/home/gramisaam/mtre4820-final-project/install/ml_model/lib/python3.10/site-packages:${PYTHONPATH} /usr/bin/python3 -W ignore:setup.py install is deprecated -W ignore:easy_install command is deprecated setup.py egg_info --egg-base ../../build/ml_model build --build-base /home/gramisaam/mtre4820-final-project/build/ml_model/build install --record /home/gramisaam/mtre4820-final-project/build/ml_model/install.log --single-version-externally-managed install_data[0m
[6.117s] [34mcolcon.colcon_core.environment[0m [1;30mLevel 1[0m checking '/home/gramisaam/mtre4820-final-project/install/ml_model' for CMake config files
[6.119s] [34mcolcon.colcon_core.environment[0m [1;30mLevel 1[0m checking '/home/gramisaam/mtre4820-final-project/install/ml_model/lib'
[6.120s] [34mcolcon.colcon_core.environment[0m [1;30mLevel 1[0m checking '/home/gramisaam/mtre4820-final-project/install/ml_model/bin'
[6.120s] [34mcolcon.colcon_core.environment[0m [1;30mLevel 1[0m checking '/home/gramisaam/mtre4820-final-project/install/ml_model/lib/pkgconfig/ml_model.pc'
[6.120s] [34mcolcon.colcon_core.environment[0m [1;30mLevel 1[0m checking '/home/gramisaam/mtre4820-final-project/install/ml_model/lib/python3.10/site-packages'
[6.121s] [34mcolcon.colcon_core.shell[0m [1;30mLevel 1[0m create_environment_hook('ml_model', 'pythonpath')
[6.121s] [34mcolcon.colcon_core.shell[0m [1;30mINFO[0m Creating environment hook '/home/gramisaam/mtre4820-final-project/install/ml_model/share/ml_model/hook/pythonpath.ps1'
[6.122s] [34mcolcon.colcon_core.shell[0m [1;30mINFO[0m Creating environment descriptor '/home/gramisaam/mtre4820-final-project/install/ml_model/share/ml_model/hook/pythonpath.dsv'
[6.123s] [34mcolcon.colcon_core.shell[0m [1;30mINFO[0m Creating environment hook '/home/gramisaam/mtre4820-final-project/install/ml_model/share/ml_model/hook/pythonpath.sh'
[6.136s] [34mcolcon.colcon_core.environment[0m [1;30mLevel 1[0m checking '/home/gramisaam/mtre4820-final-project/install/ml_model/bin'
[6.137s] [34mcolcon.colcon_core.environment[0m [1;30mLevel 1[0m create_environment_scripts_only(ml_model)
[6.137s] [34mcolcon.colcon_core.shell[0m [1;30mINFO[0m Creating package script '/home/gramisaam/mtre4820-final-project/install/ml_model/share/ml_model/package.ps1'
[6.139s] [34mcolcon.colcon_core.shell[0m [1;30mINFO[0m Creating package descriptor '/home/gramisaam/mtre4820-final-project/install/ml_model/share/ml_model/package.dsv'
[6.140s] [34mcolcon.colcon_core.shell[0m [1;30mINFO[0m Creating package script '/home/gramisaam/mtre4820-final-project/install/ml_model/share/ml_model/package.sh'
[6.141s] [34mcolcon.colcon_core.shell[0m [1;30mINFO[0m Creating package script '/home/gramisaam/mtre4820-final-project/install/ml_model/share/ml_model/package.bash'
[6.142s] [34mcolcon.colcon_core.shell[0m [1;30mINFO[0m Creating package script '/home/gramisaam/mtre4820-final-project/install/ml_model/share/ml_model/package.zsh'
[6.143s] [34mcolcon.colcon_core.environment[0m [1;30mLevel 1[0m create_file_with_runtime_dependencies(/home/gramisaam/mtre4820-final-project/install/ml_model/share/colcon-core/packages/ml_model)
[6.148s] [34mcolcon.colcon_parallel_executor.executor.parallel[0m [1;30mDEBUG[0m [32mclosing loop[0m
[6.149s] [34mcolcon.colcon_parallel_executor.executor.parallel[0m [1;30mDEBUG[0m [32mloop closed[0m
[6.149s] [34mcolcon.colcon_parallel_executor.executor.parallel[0m [1;30mDEBUG[0m [32mrun_until_complete finished with '0'[0m
[6.149s] [34mcolcon.colcon_core.event_reactor[0m [1;30mDEBUG[0m [32mjoining thread[0m
[6.350s] [34mcolcon.colcon_core.plugin_system[0m [1;30mINFO[0m Skipping extension 'colcon_notification.desktop_notification.notify_send': Could not find 'notify-send'
[6.351s] [34mcolcon.colcon_core.plugin_system[0m [1;30mINFO[0m Skipping extension 'colcon_notification.desktop_notification.terminal_notifier': Not used on non-Darwin systems
[6.351s] [34mcolcon.colcon_core.plugin_system[0m [1;30mINFO[0m Skipping extension 'colcon_notification.desktop_notification.win32': Not used on non-Windows systems
[6.351s] [34mcolcon.colcon_notification.desktop_notification[0m [1;30mINFO[0m Sending desktop notification using 'notify2'
[6.352s] [34mcolcon.colcon_notification.desktop_notification.notify2[0m [1;30mDEBUG[0m [32mFailed to initialize notify2: org.freedesktop.DBus.Error.FileNotFound: Failed to connect to socket /run/user/1000/bus: No such file or directory[0m
[6.353s] [34mcolcon.colcon_core.event_reactor[0m [1;30mDEBUG[0m [32mjoined thread[0m
[6.354s] [34mcolcon.colcon_core.shell[0m [1;30mINFO[0m Creating prefix script '/home/gramisaam/mtre4820-final-project/install/local_setup.ps1'
[6.364s] [34mcolcon.colcon_core.shell[0m [1;30mINFO[0m Creating prefix util module '/home/gramisaam/mtre4820-final-project/install/_local_setup_util_ps1.py'
[6.367s] [34mcolcon.colcon_core.shell[0m [1;30mINFO[0m Creating prefix chain script '/home/gramisaam/mtre4820-final-project/install/setup.ps1'
[6.371s] [34mcolcon.colcon_core.shell[0m [1;30mINFO[0m Creating prefix script '/home/gramisaam/mtre4820-final-project/install/local_setup.sh'
[6.372s] [34mcolcon.colcon_core.shell[0m [1;30mINFO[0m Creating prefix util module '/home/gramisaam/mtre4820-final-project/install/_local_setup_util_sh.py'
[6.375s] [34mcolcon.colcon_core.shell[0m [1;30mINFO[0m Creating prefix chain script '/home/gramisaam/mtre4820-final-project/install/setup.sh'
[6.379s] [34mcolcon.colcon_core.shell[0m [1;30mINFO[0m Creating prefix script '/home/gramisaam/mtre4820-final-project/install/local_setup.bash'
[6.381s] [34mcolcon.colcon_core.shell[0m [1;30mINFO[0m Creating prefix chain script '/home/gramisaam/mtre4820-final-project/install/setup.bash'
[6.385s] [34mcolcon.colcon_core.shell[0m [1;30mINFO[0m Creating prefix script '/home/gramisaam/mtre4820-final-project/install/local_setup.zsh'
[6.387s] [34mcolcon.colcon_core.shell[0m [1;30mINFO[0m Creating prefix chain script '/home/gramisaam/mtre4820-final-project/install/setup.zsh'
