[2.832s] Invoking command in '/home/gramisaam/mtre4820-final-project/src/ml_model': PYTHONPATH=/home/gramisaam/mtre4820-final-project/build/ml_model/prefix_override:/usr/lib/python3/dist-packages/colcon_core/task/python/colcon_distutils_commands:/home/gramisaam/mtre4820-final-project/install/ml_model/lib/python3.10/site-packages:${PYTHONPATH} /usr/bin/python3 -W ignore:setup.py install is deprecated -W ignore:easy_install command is deprecated setup.py egg_info --egg-base ../../build/ml_model build --build-base /home/gramisaam/mtre4820-final-project/build/ml_model/build install --record /home/gramisaam/mtre4820-final-project/build/ml_model/install.log --single-version-externally-managed install_data
[3.900s] running egg_info
[3.903s] writing ../../build/ml_model/ml_model.egg-info/PKG-INFO
[3.905s] writing dependency_links to ../../build/ml_model/ml_model.egg-info/dependency_links.txt
[3.905s] writing entry points to ../../build/ml_model/ml_model.egg-info/entry_points.txt
[3.905s] writing requirements to ../../build/ml_model/ml_model.egg-info/requires.txt
[3.906s] writing top-level names to ../../build/ml_model/ml_model.egg-info/top_level.txt
[3.912s] reading manifest file '../../build/ml_model/ml_model.egg-info/SOURCES.txt'
[3.921s] writing manifest file '../../build/ml_model/ml_model.egg-info/SOURCES.txt'
[3.921s] running build
[3.921s] running build_py
[3.922s] running install
[3.922s] running install_lib
[3.926s] running install_data
[3.926s] running install_egg_info
[3.930s] removing '/home/gramisaam/mtre4820-final-project/install/ml_model/lib/python3.10/site-packages/ml_model-0.0.0-py3.10.egg-info' (and everything under it)
[3.931s] Copying ../../build/ml_model/ml_model.egg-info to /home/gramisaam/mtre4820-final-project/install/ml_model/lib/python3.10/site-packages/ml_model-0.0.0-py3.10.egg-info
[3.935s] running install_scripts
[4.004s] Installing ambulance_controller script to /home/gramisaam/mtre4820-final-project/install/ml_model/lib/ml_model
[4.005s] Installing model_node script to /home/gramisaam/mtre4820-final-project/install/ml_model/lib/ml_model
[4.006s] writing list of installed files to '/home/gramisaam/mtre4820-final-project/build/ml_model/install.log'
[4.093s] Invoked command in '/home/gramisaam/mtre4820-final-project/src/ml_model' returned '0': PYTHONPATH=/home/gramisaam/mtre4820-final-project/build/ml_model/prefix_override:/usr/lib/python3/dist-packages/colcon_core/task/python/colcon_distutils_commands:/home/gramisaam/mtre4820-final-project/install/ml_model/lib/python3.10/site-packages:${PYTHONPATH} /usr/bin/python3 -W ignore:setup.py install is deprecated -W ignore:easy_install command is deprecated setup.py egg_info --egg-base ../../build/ml_model build --build-base /home/gramisaam/mtre4820-final-project/build/ml_model/build install --record /home/gramisaam/mtre4820-final-project/build/ml_model/install.log --single-version-externally-managed install_data
