[2.508s] Invoking command in '/home/gramisaam/mtre4820-final-project/src/node_example_pkg': PYTHONPATH=/home/gramisaam/mtre4820-final-project/build/node_example_pkg/prefix_override:/usr/lib/python3/dist-packages/colcon_core/task/python/colcon_distutils_commands:/home/gramisaam/mtre4820-final-project/install/node_example_pkg/lib/python3.10/site-packages:${PYTHONPATH} /usr/bin/python3 -W ignore:setup.py install is deprecated -W ignore:easy_install command is deprecated setup.py egg_info --egg-base ../../build/node_example_pkg build --build-base /home/gramisaam/mtre4820-final-project/build/node_example_pkg/build install --record /home/gramisaam/mtre4820-final-project/build/node_example_pkg/install.log --single-version-externally-managed install_data
[3.244s] running egg_info
[3.244s] writing ../../build/node_example_pkg/node_example_pkg.egg-info/PKG-INFO
[3.245s] writing dependency_links to ../../build/node_example_pkg/node_example_pkg.egg-info/dependency_links.txt
[3.245s] writing entry points to ../../build/node_example_pkg/node_example_pkg.egg-info/entry_points.txt
[3.246s] writing requirements to ../../build/node_example_pkg/node_example_pkg.egg-info/requires.txt
[3.246s] writing top-level names to ../../build/node_example_pkg/node_example_pkg.egg-info/top_level.txt
[3.250s] reading manifest file '../../build/node_example_pkg/node_example_pkg.egg-info/SOURCES.txt'
[3.251s] writing manifest file '../../build/node_example_pkg/node_example_pkg.egg-info/SOURCES.txt'
[3.252s] running build
[3.252s] running build_py
[3.252s] running install
[3.253s] running install_lib
[3.255s] running install_data
[3.255s] running install_egg_info
[3.266s] removing '/home/gramisaam/mtre4820-final-project/install/node_example_pkg/lib/python3.10/site-packages/node_example_pkg-0.0.0-py3.10.egg-info' (and everything under it)
[3.266s] Copying ../../build/node_example_pkg/node_example_pkg.egg-info to /home/gramisaam/mtre4820-final-project/install/node_example_pkg/lib/python3.10/site-packages/node_example_pkg-0.0.0-py3.10.egg-info
[3.269s] running install_scripts
[3.315s] Installing printer_node script to /home/gramisaam/mtre4820-final-project/install/node_example_pkg/lib/node_example_pkg
[3.316s] writing list of installed files to '/home/gramisaam/mtre4820-final-project/build/node_example_pkg/install.log'
[3.440s] Invoked command in '/home/gramisaam/mtre4820-final-project/src/node_example_pkg' returned '0': PYTHONPATH=/home/gramisaam/mtre4820-final-project/build/node_example_pkg/prefix_override:/usr/lib/python3/dist-packages/colcon_core/task/python/colcon_distutils_commands:/home/gramisaam/mtre4820-final-project/install/node_example_pkg/lib/python3.10/site-packages:${PYTHONPATH} /usr/bin/python3 -W ignore:setup.py install is deprecated -W ignore:easy_install command is deprecated setup.py egg_info --egg-base ../../build/node_example_pkg build --build-base /home/gramisaam/mtre4820-final-project/build/node_example_pkg/build install --record /home/gramisaam/mtre4820-final-project/build/node_example_pkg/install.log --single-version-externally-managed install_data
