running egg_info
writing ../../build/node_example_pkg/node_example_pkg.egg-info/PKG-INFO
writing dependency_links to ../../build/node_example_pkg/node_example_pkg.egg-info/dependency_links.txt
writing entry points to ../../build/node_example_pkg/node_example_pkg.egg-info/entry_points.txt
writing requirements to ../../build/node_example_pkg/node_example_pkg.egg-info/requires.txt
writing top-level names to ../../build/node_example_pkg/node_example_pkg.egg-info/top_level.txt
reading manifest file '../../build/node_example_pkg/node_example_pkg.egg-info/SOURCES.txt'
writing manifest file '../../build/node_example_pkg/node_example_pkg.egg-info/SOURCES.txt'
running build
running build_py
copying node_example_pkg/printer_node.py -> /home/gramisaam/mtre4820-final-project/build/node_example_pkg/build/lib/node_example_pkg
running install
running install_lib
copying /home/gramisaam/mtre4820-final-project/build/node_example_pkg/build/lib/node_example_pkg/printer_node.py -> /home/gramisaam/mtre4820-final-project/install/node_example_pkg/lib/python3.10/site-packages/node_example_pkg
byte-compiling /home/gramisaam/mtre4820-final-project/install/node_example_pkg/lib/python3.10/site-packages/node_example_pkg/printer_node.py to printer_node.cpython-310.pyc
running install_data
copying package.xml -> /home/gramisaam/mtre4820-final-project/install/node_example_pkg/share/node_example_pkg
running install_egg_info
removing '/home/gramisaam/mtre4820-final-project/install/node_example_pkg/lib/python3.10/site-packages/node_example_pkg-0.0.0-py3.10.egg-info' (and everything under it)
Copying ../../build/node_example_pkg/node_example_pkg.egg-info to /home/gramisaam/mtre4820-final-project/install/node_example_pkg/lib/python3.10/site-packages/node_example_pkg-0.0.0-py3.10.egg-info
running install_scripts
Installing printer_node script to /home/gramisaam/mtre4820-final-project/install/node_example_pkg/lib/node_example_pkg
writing list of installed files to '/home/gramisaam/mtre4820-final-project/build/node_example_pkg/install.log'
