[0.409s] [34mcolcon[0m [1;30mDEBUG[0m [32mCommand line arguments: ['/usr/bin/colcon', 'build'][0m
[0.409s] [34mcolcon[0m [1;30mDEBUG[0m [32mParsed command line arguments: Namespace(log_base=None, log_level=None, verb_name='build', build_base='build', install_base='install', merge_install=False, symlink_install=False, test_result_base=None, continue_on_error=False, executor='parallel', parallel_workers=8, event_handlers=None, ignore_user_meta=False, metas=['./colcon.meta'], base_paths=['.'], packages_ignore=None, packages_ignore_regex=None, paths=None, packages_up_to=None, packages_up_to_regex=None, packages_above=None, packages_above_and_dependencies=None, packages_above_depth=None, packages_select_by_dep=None, packages_skip_by_dep=None, packages_skip_up_to=None, packages_select_build_failed=False, packages_skip_build_finished=False, packages_select_test_failures=False, packages_skip_test_passed=False, packages_select=None, packages_skip=None, packages_select_regex=None, packages_skip_regex=None, packages_start=None, packages_end=None, allow_overriding=[], cmake_args=None, cmake_target=None, cmake_target_skip_unavailable=False, cmake_clean_cache=False, cmake_clean_first=False, cmake_force_configure=False, ament_cmake_args=None, catkin_cmake_args=None, catkin_skip_building_tests=False, mixin_files=None, mixin=None, verb_parser=<colcon_mixin.mixin.mixin_argument.MixinArgumentDecorator object at 0x7bed3792b850>, verb_extension=<colcon_core.verb.build.BuildVerb object at 0x7bed3792b2b0>, main=<bound method BuildVerb.main of <colcon_core.verb.build.BuildVerb object at 0x7bed3792b2b0>>, mixin_verb=('build',))[0m
[0.763s] [34mcolcon.colcon_core.package_discovery[0m [1;30mLevel 1[0m discover_packages(colcon_meta) check parameters
[0.763s] [34mcolcon.colcon_core.package_discovery[0m [1;30mLevel 1[0m discover_packages(recursive) check parameters
[0.763s] [34mcolcon.colcon_core.package_discovery[0m [1;30mLevel 1[0m discover_packages(ignore) check parameters
[0.763s] [34mcolcon.colcon_core.package_discovery[0m [1;30mLevel 1[0m discover_packages(path) check parameters
[0.763s] [34mcolcon.colcon_core.package_discovery[0m [1;30mLevel 1[0m discover_packages(colcon_meta) discover
[0.763s] [34mcolcon.colcon_core.package_discovery[0m [1;30mLevel 1[0m discover_packages(recursive) discover
[0.763s] [34mcolcon.colcon_core.package_discovery[0m [1;30mINFO[0m Crawling recursively for packages in '/home/gramisaam/mtre4820-final-project'
[0.764s] [34mcolcon.colcon_core.package_identification[0m [1;30mLevel 1[0m _identify(.) by extensions ['ignore', 'ignore_ament_install']
[0.764s] [34mcolcon.colcon_core.package_identification[0m [1;30mLevel 1[0m _identify(.) by extension 'ignore'
[0.764s] [34mcolcon.colcon_core.package_identification[0m [1;30mLevel 1[0m _identify(.) by extension 'ignore_ament_install'
[0.764s] [34mcolcon.colcon_core.package_identification[0m [1;30mLevel 1[0m _identify(.) by extensions ['colcon_pkg']
[0.764s] [34mcolcon.colcon_core.package_identification[0m [1;30mLevel 1[0m _identify(.) by extension 'colcon_pkg'
[0.764s] [34mcolcon.colcon_core.package_identification[0m [1;30mLevel 1[0m _identify(.) by extensions ['colcon_meta']
[0.764s] [34mcolcon.colcon_core.package_identification[0m [1;30mLevel 1[0m _identify(.) by extension 'colcon_meta'
[0.764s] [34mcolcon.colcon_core.package_identification[0m [1;30mLevel 1[0m _identify(.) by extensions ['ros']
[0.764s] [34mcolcon.colcon_core.package_identification[0m [1;30mLevel 1[0m _identify(.) by extension 'ros'
[0.807s] [34mcolcon.colcon_core.package_identification[0m [1;30mLevel 1[0m _identify(.) by extensions ['cmake', 'python']
[0.808s] [34mcolcon.colcon_core.package_identification[0m [1;30mLevel 1[0m _identify(.) by extension 'cmake'
[0.808s] [34mcolcon.colcon_core.package_identification[0m [1;30mLevel 1[0m _identify(.) by extension 'python'
[0.808s] [34mcolcon.colcon_core.package_identification[0m [1;30mLevel 1[0m _identify(.) by extensions ['python_setup_py']
[0.808s] [34mcolcon.colcon_core.package_identification[0m [1;30mLevel 1[0m _identify(.) by extension 'python_setup_py'
[0.808s] [34mcolcon.colcon_core.package_identification[0m [1;30mLevel 1[0m _identify(build) by extensions ['ignore', 'ignore_ament_install']
[0.808s] [34mcolcon.colcon_core.package_identification[0m [1;30mLevel 1[0m _identify(build) by extension 'ignore'
[0.808s] [34mcolcon.colcon_core.package_identification[0m [1;30mLevel 1[0m _identify(build) ignored
[0.809s] [34mcolcon.colcon_core.package_identification[0m [1;30mLevel 1[0m _identify(install) by extensions ['ignore', 'ignore_ament_install']
[0.809s] [34mcolcon.colcon_core.package_identification[0m [1;30mLevel 1[0m _identify(install) by extension 'ignore'
[0.809s] [34mcolcon.colcon_core.package_identification[0m [1;30mLevel 1[0m _identify(install) ignored
[0.809s] [34mcolcon.colcon_core.package_identification[0m [1;30mLevel 1[0m _identify(log) by extensions ['ignore', 'ignore_ament_install']
[0.809s] [34mcolcon.colcon_core.package_identification[0m [1;30mLevel 1[0m _identify(log) by extension 'ignore'
[0.809s] [34mcolcon.colcon_core.package_identification[0m [1;30mLevel 1[0m _identify(log) ignored
[0.809s] [34mcolcon.colcon_core.package_identification[0m [1;30mLevel 1[0m _identify(src) by extensions ['ignore', 'ignore_ament_install']
[0.809s] [34mcolcon.colcon_core.package_identification[0m [1;30mLevel 1[0m _identify(src) by extension 'ignore'
[0.809s] [34mcolcon.colcon_core.package_identification[0m [1;30mLevel 1[0m _identify(src) by extension 'ignore_ament_install'
[0.810s] [34mcolcon.colcon_core.package_identification[0m [1;30mLevel 1[0m _identify(src) by extensions ['colcon_pkg']
[0.810s] [34mcolcon.colcon_core.package_identification[0m [1;30mLevel 1[0m _identify(src) by extension 'colcon_pkg'
[0.810s] [34mcolcon.colcon_core.package_identification[0m [1;30mLevel 1[0m _identify(src) by extensions ['colcon_meta']
[0.810s] [34mcolcon.colcon_core.package_identification[0m [1;30mLevel 1[0m _identify(src) by extension 'colcon_meta'
[0.810s] [34mcolcon.colcon_core.package_identification[0m [1;30mLevel 1[0m _identify(src) by extensions ['ros']
[0.810s] [34mcolcon.colcon_core.package_identification[0m [1;30mLevel 1[0m _identify(src) by extension 'ros'
[0.810s] [34mcolcon.colcon_core.package_identification[0m [1;30mLevel 1[0m _identify(src) by extensions ['cmake', 'python']
[0.810s] [34mcolcon.colcon_core.package_identification[0m [1;30mLevel 1[0m _identify(src) by extension 'cmake'
[0.810s] [34mcolcon.colcon_core.package_identification[0m [1;30mLevel 1[0m _identify(src) by extension 'python'
[0.810s] [34mcolcon.colcon_core.package_identification[0m [1;30mLevel 1[0m _identify(src) by extensions ['python_setup_py']
[0.810s] [34mcolcon.colcon_core.package_identification[0m [1;30mLevel 1[0m _identify(src) by extension 'python_setup_py'
[0.811s] [34mcolcon.colcon_core.package_identification[0m [1;30mLevel 1[0m _identify(src/mtre4820_rosbot) by extensions ['ignore', 'ignore_ament_install']
[0.811s] [34mcolcon.colcon_core.package_identification[0m [1;30mLevel 1[0m _identify(src/mtre4820_rosbot) by extension 'ignore'
[0.811s] [34mcolcon.colcon_core.package_identification[0m [1;30mLevel 1[0m _identify(src/mtre4820_rosbot) by extension 'ignore_ament_install'
[0.811s] [34mcolcon.colcon_core.package_identification[0m [1;30mLevel 1[0m _identify(src/mtre4820_rosbot) by extensions ['colcon_pkg']
[0.811s] [34mcolcon.colcon_core.package_identification[0m [1;30mLevel 1[0m _identify(src/mtre4820_rosbot) by extension 'colcon_pkg'
[0.811s] [34mcolcon.colcon_core.package_identification[0m [1;30mLevel 1[0m _identify(src/mtre4820_rosbot) by extensions ['colcon_meta']
[0.811s] [34mcolcon.colcon_core.package_identification[0m [1;30mLevel 1[0m _identify(src/mtre4820_rosbot) by extension 'colcon_meta'
[0.811s] [34mcolcon.colcon_core.package_identification[0m [1;30mLevel 1[0m _identify(src/mtre4820_rosbot) by extensions ['ros']
[0.811s] [34mcolcon.colcon_core.package_identification[0m [1;30mLevel 1[0m _identify(src/mtre4820_rosbot) by extension 'ros'
[0.817s] [34mcolcon.colcon_core.package_identification[0m [1;30mDEBUG[0m [32mPackage 'src/mtre4820_rosbot' with type 'ros.ament_cmake' and name 'mtre4820_rosbot'[0m
[0.818s] [34mcolcon.colcon_core.package_discovery[0m [1;30mLevel 1[0m discover_packages(recursive) using defaults
[0.818s] [34mcolcon.colcon_core.package_discovery[0m [1;30mLevel 1[0m discover_packages(ignore) discover
[0.818s] [34mcolcon.colcon_core.package_discovery[0m [1;30mLevel 1[0m discover_packages(ignore) using defaults
[0.818s] [34mcolcon.colcon_core.package_discovery[0m [1;30mLevel 1[0m discover_packages(path) discover
[0.818s] [34mcolcon.colcon_core.package_discovery[0m [1;30mLevel 1[0m discover_packages(path) using defaults
[0.846s] [34mcolcon.colcon_core.package_discovery[0m [1;30mLevel 1[0m discover_packages(prefix_path) check parameters
[0.846s] [34mcolcon.colcon_core.package_discovery[0m [1;30mLevel 1[0m discover_packages(prefix_path) discover
[0.848s] [34mcolcon.colcon_core.prefix_path.colcon[0m [1;30mWARNING[0m [33mThe path '/home/gramisaam/mtre4820-final-project/src/install' in the environment variable COLCON_PREFIX_PATH doesn't exist[0m
[0.848s] [34mcolcon.colcon_ros.prefix_path.ament[0m [1;30mWARNING[0m [33mThe path '/home/gramisaam/mtre4820-final-project/install/rosbot_description' in the environment variable AMENT_PREFIX_PATH doesn't exist[0m
[0.849s] [34mcolcon.colcon_ros.prefix_path.catkin[0m [1;30mWARNING[0m [33mThe path '/home/gramisaam/mtre4820-final-project/install/rosbot_description' in the environment variable CMAKE_PREFIX_PATH doesn't exist[0m
[0.850s] [34mcolcon.colcon_installed_package_information.package_discovery[0m [1;30mDEBUG[0m [32mFound 1 installed packages in /home/gramisaam/mtre4820-final-project/install[0m
[0.854s] [34mcolcon.colcon_installed_package_information.package_discovery[0m [1;30mDEBUG[0m [32mFound 16 installed packages in /home/gramisaam/rosbot_ws/install[0m
[0.857s] [34mcolcon.colcon_installed_package_information.package_discovery[0m [1;30mDEBUG[0m [32mFound 477 installed packages in /opt/ros/humble[0m
[0.862s] [34mcolcon.colcon_core.package_discovery[0m [1;30mLevel 1[0m discover_packages(prefix_path) using defaults
[0.970s] [34mcolcon.colcon_core.verb[0m [1;30mLevel 5[0m set package 'mtre4820_rosbot' build argument 'cmake_args' from command line to 'None'
[0.971s] [34mcolcon.colcon_core.verb[0m [1;30mLevel 5[0m set package 'mtre4820_rosbot' build argument 'cmake_target' from command line to 'None'
[0.971s] [34mcolcon.colcon_core.verb[0m [1;30mLevel 5[0m set package 'mtre4820_rosbot' build argument 'cmake_target_skip_unavailable' from command line to 'False'
[0.971s] [34mcolcon.colcon_core.verb[0m [1;30mLevel 5[0m set package 'mtre4820_rosbot' build argument 'cmake_clean_cache' from command line to 'False'
[0.971s] [34mcolcon.colcon_core.verb[0m [1;30mLevel 5[0m set package 'mtre4820_rosbot' build argument 'cmake_clean_first' from command line to 'False'
[0.971s] [34mcolcon.colcon_core.verb[0m [1;30mLevel 5[0m set package 'mtre4820_rosbot' build argument 'cmake_force_configure' from command line to 'False'
[0.971s] [34mcolcon.colcon_core.verb[0m [1;30mLevel 5[0m set package 'mtre4820_rosbot' build argument 'ament_cmake_args' from command line to 'None'
[0.971s] [34mcolcon.colcon_core.verb[0m [1;30mLevel 5[0m set package 'mtre4820_rosbot' build argument 'catkin_cmake_args' from command line to 'None'
[0.971s] [34mcolcon.colcon_core.verb[0m [1;30mLevel 5[0m set package 'mtre4820_rosbot' build argument 'catkin_skip_building_tests' from command line to 'False'
[0.971s] [34mcolcon.colcon_core.verb[0m [1;30mDEBUG[0m [32mBuilding package 'mtre4820_rosbot' with the following arguments: {'ament_cmake_args': None, 'build_base': '/home/gramisaam/mtre4820-final-project/build/mtre4820_rosbot', 'catkin_cmake_args': None, 'catkin_skip_building_tests': False, 'cmake_args': None, 'cmake_clean_cache': False, 'cmake_clean_first': False, 'cmake_force_configure': False, 'cmake_target': None, 'cmake_target_skip_unavailable': False, 'install_base': '/home/gramisaam/mtre4820-final-project/install/mtre4820_rosbot', 'merge_install': False, 'path': '/home/gramisaam/mtre4820-final-project/src/mtre4820_rosbot', 'symlink_install': False, 'test_result_base': None}[0m
[0.972s] [34mcolcon.colcon_core.executor[0m [1;30mINFO[0m Executing jobs using 'parallel' executor
[0.975s] [34mcolcon.colcon_parallel_executor.executor.parallel[0m [1;30mDEBUG[0m [32mrun_until_complete[0m
[0.976s] [34mcolcon.colcon_ros.task.ament_cmake.build[0m [1;30mINFO[0m Building ROS package in '/home/gramisaam/mtre4820-final-project/src/mtre4820_rosbot' with build type 'ament_cmake'
[0.977s] [34mcolcon.colcon_cmake.task.cmake.build[0m [1;30mINFO[0m Building CMake package in '/home/gramisaam/mtre4820-final-project/src/mtre4820_rosbot'
[0.981s] [34mcolcon.colcon_core.plugin_system[0m [1;30mINFO[0m Skipping extension 'colcon_core.shell.bat': Not used on non-Windows systems
[0.981s] [34mcolcon.colcon_core.shell[0m [1;30mINFO[0m Skip shell extension 'powershell' for command environment: Not usable outside of PowerShell
[0.981s] [34mcolcon.colcon_core.shell[0m [1;30mDEBUG[0m [32mSkip shell extension 'dsv' for command environment[0m
[1.004s] [34mcolcon.colcon_core.event_handler.log_command[0m [1;30mDEBUG[0m [32mInvoking command in '/home/gramisaam/mtre4820-final-project/build/mtre4820_rosbot': CMAKE_PREFIX_PATH=${CMAKE_PREFIX_PATH}:/home/gramisaam/rosbot_ws/install/rosbot_gazebo:/home/gramisaam/rosbot_ws/install/rosbot_controller:/home/gramisaam/rosbot_ws/install/rosbot_utils:/home/gramisaam/rosbot_ws/install/rosbot_bringup:/opt/ros/humble /usr/bin/cmake --build /home/gramisaam/mtre4820-final-project/build/mtre4820_rosbot -- -j8 -l8[0m
[1.094s] [34mcolcon.colcon_core.event_handler.log_command[0m [1;30mDEBUG[0m [32mInvoked command in '/home/gramisaam/mtre4820-final-project/build/mtre4820_rosbot' returned '0': CMAKE_PREFIX_PATH=${CMAKE_PREFIX_PATH}:/home/gramisaam/rosbot_ws/install/rosbot_gazebo:/home/gramisaam/rosbot_ws/install/rosbot_controller:/home/gramisaam/rosbot_ws/install/rosbot_utils:/home/gramisaam/rosbot_ws/install/rosbot_bringup:/opt/ros/humble /usr/bin/cmake --build /home/gramisaam/mtre4820-final-project/build/mtre4820_rosbot -- -j8 -l8[0m
[1.114s] [34mcolcon.colcon_core.event_handler.log_command[0m [1;30mDEBUG[0m [32mInvoking command in '/home/gramisaam/mtre4820-final-project/build/mtre4820_rosbot': CMAKE_PREFIX_PATH=${CMAKE_PREFIX_PATH}:/home/gramisaam/rosbot_ws/install/rosbot_gazebo:/home/gramisaam/rosbot_ws/install/rosbot_controller:/home/gramisaam/rosbot_ws/install/rosbot_utils:/home/gramisaam/rosbot_ws/install/rosbot_bringup:/opt/ros/humble /usr/bin/cmake --install /home/gramisaam/mtre4820-final-project/build/mtre4820_rosbot[0m
[1.137s] [34mcolcon.colcon_core.environment[0m [1;30mLevel 1[0m create_environment_scripts_only(mtre4820_rosbot)
[1.138s] [34mcolcon.colcon_core.event_handler.log_command[0m [1;30mDEBUG[0m [32mInvoked command in '/home/gramisaam/mtre4820-final-project/build/mtre4820_rosbot' returned '0': CMAKE_PREFIX_PATH=${CMAKE_PREFIX_PATH}:/home/gramisaam/rosbot_ws/install/rosbot_gazebo:/home/gramisaam/rosbot_ws/install/rosbot_controller:/home/gramisaam/rosbot_ws/install/rosbot_utils:/home/gramisaam/rosbot_ws/install/rosbot_bringup:/opt/ros/humble /usr/bin/cmake --install /home/gramisaam/mtre4820-final-project/build/mtre4820_rosbot[0m
[1.144s] [34mcolcon.colcon_core.environment[0m [1;30mLevel 1[0m checking '/home/gramisaam/mtre4820-final-project/install/mtre4820_rosbot' for CMake module files
[1.144s] [34mcolcon.colcon_core.environment[0m [1;30mLevel 1[0m checking '/home/gramisaam/mtre4820-final-project/install/mtre4820_rosbot' for CMake config files
[1.145s] [34mcolcon.colcon_core.shell[0m [1;30mLevel 1[0m create_environment_hook('mtre4820_rosbot', 'cmake_prefix_path')
[1.145s] [34mcolcon.colcon_core.shell[0m [1;30mINFO[0m Creating environment hook '/home/gramisaam/mtre4820-final-project/install/mtre4820_rosbot/share/mtre4820_rosbot/hook/cmake_prefix_path.ps1'
[1.146s] [34mcolcon.colcon_core.shell[0m [1;30mINFO[0m Creating environment descriptor '/home/gramisaam/mtre4820-final-project/install/mtre4820_rosbot/share/mtre4820_rosbot/hook/cmake_prefix_path.dsv'
[1.147s] [34mcolcon.colcon_core.shell[0m [1;30mINFO[0m Creating environment hook '/home/gramisaam/mtre4820-final-project/install/mtre4820_rosbot/share/mtre4820_rosbot/hook/cmake_prefix_path.sh'
[1.148s] [34mcolcon.colcon_core.environment[0m [1;30mLevel 1[0m checking '/home/gramisaam/mtre4820-final-project/install/mtre4820_rosbot/bin'
[1.148s] [34mcolcon.colcon_core.environment[0m [1;30mLevel 1[0m checking '/home/gramisaam/mtre4820-final-project/install/mtre4820_rosbot/lib/pkgconfig/mtre4820_rosbot.pc'
[1.149s] [34mcolcon.colcon_core.environment[0m [1;30mLevel 1[0m checking '/home/gramisaam/mtre4820-final-project/install/mtre4820_rosbot/lib/python3.10/site-packages'
[1.149s] [34mcolcon.colcon_core.environment[0m [1;30mLevel 1[0m checking '/home/gramisaam/mtre4820-final-project/install/mtre4820_rosbot/bin'
[1.150s] [34mcolcon.colcon_core.shell[0m [1;30mINFO[0m Creating package script '/home/gramisaam/mtre4820-final-project/install/mtre4820_rosbot/share/mtre4820_rosbot/package.ps1'
[1.152s] [34mcolcon.colcon_core.shell[0m [1;30mINFO[0m Creating package descriptor '/home/gramisaam/mtre4820-final-project/install/mtre4820_rosbot/share/mtre4820_rosbot/package.dsv'
[1.155s] [34mcolcon.colcon_core.shell[0m [1;30mINFO[0m Creating package script '/home/gramisaam/mtre4820-final-project/install/mtre4820_rosbot/share/mtre4820_rosbot/package.sh'
[1.157s] [34mcolcon.colcon_core.shell[0m [1;30mINFO[0m Creating package script '/home/gramisaam/mtre4820-final-project/install/mtre4820_rosbot/share/mtre4820_rosbot/package.bash'
[1.159s] [34mcolcon.colcon_core.shell[0m [1;30mINFO[0m Creating package script '/home/gramisaam/mtre4820-final-project/install/mtre4820_rosbot/share/mtre4820_rosbot/package.zsh'
[1.160s] [34mcolcon.colcon_core.environment[0m [1;30mLevel 1[0m create_file_with_runtime_dependencies(/home/gramisaam/mtre4820-final-project/install/mtre4820_rosbot/share/colcon-core/packages/mtre4820_rosbot)
[1.162s] [34mcolcon.colcon_core.environment[0m [1;30mLevel 1[0m create_environment_scripts_only(mtre4820_rosbot)
[1.162s] [34mcolcon.colcon_core.environment[0m [1;30mLevel 1[0m checking '/home/gramisaam/mtre4820-final-project/install/mtre4820_rosbot' for CMake module files
[1.163s] [34mcolcon.colcon_core.environment[0m [1;30mLevel 1[0m checking '/home/gramisaam/mtre4820-final-project/install/mtre4820_rosbot' for CMake config files
[1.163s] [34mcolcon.colcon_core.shell[0m [1;30mLevel 1[0m create_environment_hook('mtre4820_rosbot', 'cmake_prefix_path')
[1.163s] [34mcolcon.colcon_core.shell[0m [1;30mINFO[0m Creating environment hook '/home/gramisaam/mtre4820-final-project/install/mtre4820_rosbot/share/mtre4820_rosbot/hook/cmake_prefix_path.ps1'
[1.172s] [34mcolcon.colcon_core.shell[0m [1;30mINFO[0m Creating environment descriptor '/home/gramisaam/mtre4820-final-project/install/mtre4820_rosbot/share/mtre4820_rosbot/hook/cmake_prefix_path.dsv'
[1.173s] [34mcolcon.colcon_core.shell[0m [1;30mINFO[0m Creating environment hook '/home/gramisaam/mtre4820-final-project/install/mtre4820_rosbot/share/mtre4820_rosbot/hook/cmake_prefix_path.sh'
[1.174s] [34mcolcon.colcon_core.environment[0m [1;30mLevel 1[0m checking '/home/gramisaam/mtre4820-final-project/install/mtre4820_rosbot/bin'
[1.174s] [34mcolcon.colcon_core.environment[0m [1;30mLevel 1[0m checking '/home/gramisaam/mtre4820-final-project/install/mtre4820_rosbot/lib/pkgconfig/mtre4820_rosbot.pc'
[1.175s] [34mcolcon.colcon_core.environment[0m [1;30mLevel 1[0m checking '/home/gramisaam/mtre4820-final-project/install/mtre4820_rosbot/lib/python3.10/site-packages'
[1.175s] [34mcolcon.colcon_core.environment[0m [1;30mLevel 1[0m checking '/home/gramisaam/mtre4820-final-project/install/mtre4820_rosbot/bin'
[1.176s] [34mcolcon.colcon_core.shell[0m [1;30mINFO[0m Creating package script '/home/gramisaam/mtre4820-final-project/install/mtre4820_rosbot/share/mtre4820_rosbot/package.ps1'
[1.176s] [34mcolcon.colcon_core.shell[0m [1;30mINFO[0m Creating package descriptor '/home/gramisaam/mtre4820-final-project/install/mtre4820_rosbot/share/mtre4820_rosbot/package.dsv'
[1.177s] [34mcolcon.colcon_core.shell[0m [1;30mINFO[0m Creating package script '/home/gramisaam/mtre4820-final-project/install/mtre4820_rosbot/share/mtre4820_rosbot/package.sh'
[1.178s] [34mcolcon.colcon_core.shell[0m [1;30mINFO[0m Creating package script '/home/gramisaam/mtre4820-final-project/install/mtre4820_rosbot/share/mtre4820_rosbot/package.bash'
[1.178s] [34mcolcon.colcon_core.shell[0m [1;30mINFO[0m Creating package script '/home/gramisaam/mtre4820-final-project/install/mtre4820_rosbot/share/mtre4820_rosbot/package.zsh'
[1.179s] [34mcolcon.colcon_core.environment[0m [1;30mLevel 1[0m create_file_with_runtime_dependencies(/home/gramisaam/mtre4820-final-project/install/mtre4820_rosbot/share/colcon-core/packages/mtre4820_rosbot)
[1.179s] [34mcolcon.colcon_parallel_executor.executor.parallel[0m [1;30mDEBUG[0m [32mclosing loop[0m
[1.180s] [34mcolcon.colcon_parallel_executor.executor.parallel[0m [1;30mDEBUG[0m [32mloop closed[0m
[1.180s] [34mcolcon.colcon_parallel_executor.executor.parallel[0m [1;30mDEBUG[0m [32mrun_until_complete finished with '0'[0m
[1.180s] [34mcolcon.colcon_core.event_reactor[0m [1;30mDEBUG[0m [32mjoining thread[0m
[1.282s] [34mcolcon.colcon_core.plugin_system[0m [1;30mINFO[0m Skipping extension 'colcon_notification.desktop_notification.notify_send': Could not find 'notify-send'
[1.283s] [34mcolcon.colcon_core.plugin_system[0m [1;30mINFO[0m Skipping extension 'colcon_notification.desktop_notification.terminal_notifier': Not used on non-Darwin systems
[1.283s] [34mcolcon.colcon_core.plugin_system[0m [1;30mINFO[0m Skipping extension 'colcon_notification.desktop_notification.win32': Not used on non-Windows systems
[1.283s] [34mcolcon.colcon_notification.desktop_notification[0m [1;30mINFO[0m Sending desktop notification using 'notify2'
[1.283s] [34mcolcon.colcon_notification.desktop_notification.notify2[0m [1;30mDEBUG[0m [32mFailed to initialize notify2: org.freedesktop.DBus.Error.FileNotFound: Failed to connect to socket /run/user/1000/bus: No such file or directory[0m
[1.284s] [34mcolcon.colcon_core.event_reactor[0m [1;30mDEBUG[0m [32mjoined thread[0m
[1.284s] [34mcolcon.colcon_core.shell[0m [1;30mINFO[0m Creating prefix script '/home/gramisaam/mtre4820-final-project/install/local_setup.ps1'
[1.286s] [34mcolcon.colcon_core.shell[0m [1;30mINFO[0m Creating prefix util module '/home/gramisaam/mtre4820-final-project/install/_local_setup_util_ps1.py'
[1.289s] [34mcolcon.colcon_core.shell[0m [1;30mINFO[0m Creating prefix chain script '/home/gramisaam/mtre4820-final-project/install/setup.ps1'
[1.292s] [34mcolcon.colcon_core.shell[0m [1;30mINFO[0m Creating prefix script '/home/gramisaam/mtre4820-final-project/install/local_setup.sh'
[1.293s] [34mcolcon.colcon_core.shell[0m [1;30mINFO[0m Creating prefix util module '/home/gramisaam/mtre4820-final-project/install/_local_setup_util_sh.py'
[1.293s] [34mcolcon.colcon_core.shell[0m [1;30mINFO[0m Creating prefix chain script '/home/gramisaam/mtre4820-final-project/install/setup.sh'
[1.296s] [34mcolcon.colcon_core.shell[0m [1;30mINFO[0m Creating prefix script '/home/gramisaam/mtre4820-final-project/install/local_setup.bash'
[1.299s] [34mcolcon.colcon_core.shell[0m [1;30mINFO[0m Creating prefix chain script '/home/gramisaam/mtre4820-final-project/install/setup.bash'
[1.304s] [34mcolcon.colcon_core.shell[0m [1;30mINFO[0m Creating prefix script '/home/gramisaam/mtre4820-final-project/install/local_setup.zsh'
[1.306s] [34mcolcon.colcon_core.shell[0m [1;30mINFO[0m Creating prefix chain script '/home/gramisaam/mtre4820-final-project/install/setup.zsh'
