[0.016s] Invoking command in '/home/gramisaam/mtre4820-final-project/src/build/mtre4820_rosbot': CMAKE_PREFIX_PATH=/opt/ros/humble /usr/bin/cmake /home/gramisaam/mtre4820-final-project/src/mtre4820_rosbot -DCMAKE_INSTALL_PREFIX=/home/gramisaam/mtre4820-final-project/src/install/mtre4820_rosbot
[0.381s] -- The C compiler identification is GNU 11.4.0
[1.437s] -- The CXX compiler identification is GNU 11.4.0
[2.059s] -- Detecting C compiler ABI info
[2.332s] -- Detecting C compiler ABI info - done
[2.352s] -- Check for working C compiler: /usr/bin/cc - skipped
[2.352s] -- Detecting C compile features
[2.355s] -- Detecting C compile features - done
[2.359s] -- Detecting CXX compiler ABI info
[2.626s] -- Detecting CXX compiler ABI info - done
[2.635s] -- Check for working CXX compiler: /usr/bin/c++ - skipped
[2.635s] -- Detecting CXX compile features
[2.636s] -- Detecting CXX compile features - done
[2.653s] -- Found ament_cmake: 1.3.12 (/opt/ros/humble/share/ament_cmake/cmake)
[2.899s] -- Found Python3: /usr/bin/python3 (found version "3.10.12") found components: Interpreter 
[3.072s] -- Found xacro: 2.1.1 (/opt/ros/humble/share/xacro/cmake)
[3.077s] -- Found robot_state_publisher: 3.0.3 (/opt/ros/humble/share/robot_state_publisher/cmake)
[3.382s] -- Found rosidl_generator_c: 3.1.8 (/opt/ros/humble/share/rosidl_generator_c/cmake)
[3.392s] -- Found rosidl_adapter: 3.1.8 (/opt/ros/humble/share/rosidl_adapter/cmake)
[3.410s] -- Found rosidl_generator_cpp: 3.1.8 (/opt/ros/humble/share/rosidl_generator_cpp/cmake)
[3.434s] -- Using all available rosidl_typesupport_c: rosidl_typesupport_fastrtps_c;rosidl_typesupport_introspection_c
[3.473s] -- Using all available rosidl_typesupport_cpp: rosidl_typesupport_fastrtps_cpp;rosidl_typesupport_introspection_cpp
[3.655s] -- Found eigen3_cmake_module: 0.1.1 (/opt/ros/humble/share/eigen3_cmake_module/cmake)
[3.659s] -- Found Eigen3: TRUE (found version "3.4.0") 
[3.659s] -- Ensuring Eigen3 include directory is part of orocos-kdl CMake target
[3.763s] -- Found rmw_implementation_cmake: 6.1.2 (/opt/ros/humble/share/rmw_implementation_cmake/cmake)
[3.774s] -- Found rmw_fastrtps_cpp: 6.2.9 (/opt/ros/humble/share/rmw_fastrtps_cpp/cmake)
[6.182s] -- Found OpenSSL: /usr/lib/x86_64-linux-gnu/libcrypto.so (found version "3.0.2")  
[8.838s] -- Found FastRTPS: /opt/ros/humble/include  
[13.753s] -- Using RMW implementation 'rmw_fastrtps_cpp' as default
[13.772s] -- Looking for pthread.h
[14.052s] -- Looking for pthread.h - found
[14.053s] -- Performing Test CMAKE_HAVE_LIBC_PTHREAD
[14.364s] -- Performing Test CMAKE_HAVE_LIBC_PTHREAD - Success
[14.365s] -- Found Threads: TRUE  
[17.620s] -- Found gazebo_ros: 3.9.0 (/opt/ros/humble/share/gazebo_ros/cmake)
[17.642s] -- Found PkgConfig: /usr/bin/pkg-config (found version "0.29.2") 
[17.644s] -- Checking for module 'bullet>=2.82'
[17.671s] --   Found bullet, version 3.05
[17.944s] -- Found fcl: /usr/include (found suitable version "0.7.0", minimum required is "0.5.0") 
[18.036s] -- Found assimp: /usr/include (found version "5.2.0") 
[18.077s] -- Found DART: /usr/include (Required is at least version "6.6") found components: dart 
[18.132s] -- Found Boost: /usr/lib/x86_64-linux-gnu/cmake/Boost-1.74.0/BoostConfig.cmake (found suitable version "1.74.0", minimum required is "1.40.0") found components: thread system filesystem program_options regex iostreams date_time 
[18.971s] -- Found Protobuf: /usr/lib/x86_64-linux-gnu/libprotobuf.so (found version "3.12.4") 
[18.989s] -- Looking for ignition-math6 -- found version 6.15.1
[19.002s] -- Searching for dependencies of ignition-math6
[19.006s] -- Looking for OGRE...
[19.007s] -- OGRE_PREFIX_WATCH changed.
[19.015s] -- Checking for module 'OGRE'
[19.032s] --   Found OGRE, version 1.9.0
[19.084s] -- Found Ogre Ghadamon (1.9.0)
[19.995s] -- Found OGRE: optimized;/usr/lib/x86_64-linux-gnu/libOgreMain.so;debug;/usr/lib/x86_64-linux-gnu/libOgreMain.so
[20.013s] -- Looking for OGRE_Paging...
[20.772s] -- Found OGRE_Paging: optimized;/usr/lib/x86_64-linux-gnu/libOgrePaging.so;debug;/usr/lib/x86_64-linux-gnu/libOgrePaging.so
[20.772s] -- Looking for OGRE_Terrain...
[21.517s] -- Found OGRE_Terrain: optimized;/usr/lib/x86_64-linux-gnu/libOgreTerrain.so;debug;/usr/lib/x86_64-linux-gnu/libOgreTerrain.so
[21.518s] -- Looking for OGRE_Property...
[22.175s] -- Found OGRE_Property: optimized;/usr/lib/x86_64-linux-gnu/libOgreProperty.so;debug;/usr/lib/x86_64-linux-gnu/libOgreProperty.so
[22.175s] -- Looking for OGRE_RTShaderSystem...
[22.850s] -- Found OGRE_RTShaderSystem: optimized;/usr/lib/x86_64-linux-gnu/libOgreRTShaderSystem.so;debug;/usr/lib/x86_64-linux-gnu/libOgreRTShaderSystem.so
[22.850s] -- Looking for OGRE_Volume...
[23.695s] -- Found OGRE_Volume: optimized;/usr/lib/x86_64-linux-gnu/libOgreVolume.so;debug;/usr/lib/x86_64-linux-gnu/libOgreVolume.so
[23.695s] -- Looking for OGRE_Overlay...
[24.647s] -- Found OGRE_Overlay: optimized;/usr/lib/x86_64-linux-gnu/libOgreOverlay.so;debug;/usr/lib/x86_64-linux-gnu/libOgreOverlay.so
[63.082s] -- Looking for ignition-math6 -- found version 6.15.1
[63.087s] -- Looking for ignition-transport8 -- found version 8.2.1
[63.088s] -- Searching for dependencies of ignition-transport8
[65.593s] -- Found Protobuf: /usr/lib/x86_64-linux-gnu/libprotobuf.so (found suitable version "3.12.4", minimum required is "3") 
[67.693s] -- Config-file not installed for ZeroMQ -- checking for pkg-config
[67.705s] -- Checking for module 'libzmq >= 4'
[67.727s] --   Found libzmq , version 4.3.4
[67.789s] -- Found ZeroMQ: TRUE (Required is at least version "4") 
[67.867s] -- Checking for module 'uuid'
[67.887s] --   Found uuid, version 2.37.2
[67.956s] -- Found UUID: TRUE  
[67.962s] -- Looking for ignition-msgs5 -- found version 5.8.1
[67.963s] -- Searching for dependencies of ignition-msgs5
[70.226s] -- Looking for ignition-math6 -- found version 6.15.1
[70.232s] -- Checking for module 'tinyxml2'
[70.247s] --   Found tinyxml2, version 9.0.0
[70.302s] -- Looking for ignition-msgs5 -- found version 5.8.1
[70.306s] -- Looking for ignition-common3 -- found version 3.14.0
[70.307s] -- Searching for dependencies of ignition-common3
[70.394s] -- Looking for dlfcn.h - found
[70.489s] -- Looking for libdl - found
[70.490s] -- Found DL: TRUE  
[70.645s] -- Found tinyobjloader: /usr/lib/x86_64-linux-gnu/cmake/tinyobjloader/tinyobjloader-config.cmake (found version "2.0.0") 
[70.646s] -- Searching for <ignition-common3> component [graphics]
[70.650s] -- Looking for ignition-common3-graphics -- found version 3.14.0
[70.651s] -- Searching for dependencies of ignition-common3-graphics
[70.651s] -- Looking for ignition-math6 -- found version 6.15.1
[70.657s] -- Looking for ignition-fuel_tools4 -- found version 4.4.0
[70.657s] -- Searching for dependencies of ignition-fuel_tools4
[73.738s] -- Found CURL: /usr/lib/x86_64-linux-gnu/libcurl.so (found version "7.81.0")  
[73.754s] -- Checking for module 'jsoncpp'
[73.774s] --   Found jsoncpp, version 1.9.5
[73.833s] -- Found JSONCPP: TRUE  
[73.842s] -- Checking for module 'libzip'
[73.858s] --   Found libzip, version 1.7.3
[73.920s] -- Found ZIP: TRUE  
[73.921s] -- Looking for ignition-common3 -- found version 3.14.0
[73.921s] -- Looking for ignition-math6 -- found version 6.15.1
[73.922s] -- Looking for ignition-msgs5 -- found version 5.8.1
[73.935s] -- Gazebo version: 11.10
[73.935s] -- Checking for module 'tbb'
[73.960s] --   Found tbb, version 2021.5.0
[74.214s] -- Configuring done
[74.236s] -- Generating done
[74.243s] -- Build files have been written to: /home/gramisaam/mtre4820-final-project/src/build/mtre4820_rosbot
[74.276s] Invoked command in '/home/gramisaam/mtre4820-final-project/src/build/mtre4820_rosbot' returned '0': CMAKE_PREFIX_PATH=/opt/ros/humble /usr/bin/cmake /home/gramisaam/mtre4820-final-project/src/mtre4820_rosbot -DCMAKE_INSTALL_PREFIX=/home/gramisaam/mtre4820-final-project/src/install/mtre4820_rosbot
[74.282s] Invoking command in '/home/gramisaam/mtre4820-final-project/src/build/mtre4820_rosbot': CMAKE_PREFIX_PATH=/opt/ros/humble /usr/bin/cmake --build /home/gramisaam/mtre4820-final-project/src/build/mtre4820_rosbot -- -j8 -l8
[74.369s] Invoked command in '/home/gramisaam/mtre4820-final-project/src/build/mtre4820_rosbot' returned '0': CMAKE_PREFIX_PATH=/opt/ros/humble /usr/bin/cmake --build /home/gramisaam/mtre4820-final-project/src/build/mtre4820_rosbot -- -j8 -l8
[74.391s] Invoking command in '/home/gramisaam/mtre4820-final-project/src/build/mtre4820_rosbot': CMAKE_PREFIX_PATH=/opt/ros/humble /usr/bin/cmake --install /home/gramisaam/mtre4820-final-project/src/build/mtre4820_rosbot
[74.408s] -- Install configuration: ""
[74.409s] -- Installing: /home/gramisaam/mtre4820-final-project/src/install/mtre4820_rosbot/share/mtre4820_rosbot/urdf
[74.411s] -- Installing: /home/gramisaam/mtre4820-final-project/src/install/mtre4820_rosbot/share/mtre4820_rosbot/urdf/rosbot.gazebo
[74.412s] -- Installing: /home/gramisaam/mtre4820-final-project/src/install/mtre4820_rosbot/share/mtre4820_rosbot/urdf/rosbot.xacro
[74.413s] -- Installing: /home/gramisaam/mtre4820-final-project/src/install/mtre4820_rosbot/share/mtre4820_rosbot/urdf/materials.xacro
[74.414s] -- Installing: /home/gramisaam/mtre4820-final-project/src/install/mtre4820_rosbot/share/mtre4820_rosbot/meshes
[74.415s] -- Installing: /home/gramisaam/mtre4820-final-project/src/install/mtre4820_rosbot/share/mtre4820_rosbot/meshes/upper.stl
[74.417s] -- Installing: /home/gramisaam/mtre4820-final-project/src/install/mtre4820_rosbot/share/mtre4820_rosbot/meshes/astra.stl
[74.418s] -- Installing: /home/gramisaam/mtre4820-final-project/src/install/mtre4820_rosbot/share/mtre4820_rosbot/meshes/rplidar.stl
[74.420s] -- Installing: /home/gramisaam/mtre4820-final-project/src/install/mtre4820_rosbot/share/mtre4820_rosbot/meshes/wheel.stl
[74.422s] -- Installing: /home/gramisaam/mtre4820-final-project/src/install/mtre4820_rosbot/share/mtre4820_rosbot/meshes/box.stl
[74.425s] -- Installing: /home/gramisaam/mtre4820-final-project/src/install/mtre4820_rosbot/share/mtre4820_rosbot/launch
[74.426s] -- Installing: /home/gramisaam/mtre4820-final-project/src/install/mtre4820_rosbot/share/mtre4820_rosbot/launch/rosbot.launch.py
[74.428s] -- Installing: /home/gramisaam/mtre4820-final-project/src/install/mtre4820_rosbot/share/ament_index/resource_index/package_run_dependencies/mtre4820_rosbot
[74.429s] -- Installing: /home/gramisaam/mtre4820-final-project/src/install/mtre4820_rosbot/share/ament_index/resource_index/parent_prefix_path/mtre4820_rosbot
[74.430s] -- Installing: /home/gramisaam/mtre4820-final-project/src/install/mtre4820_rosbot/share/mtre4820_rosbot/environment/ament_prefix_path.sh
[74.430s] -- Installing: /home/gramisaam/mtre4820-final-project/src/install/mtre4820_rosbot/share/mtre4820_rosbot/environment/ament_prefix_path.dsv
[74.431s] -- Installing: /home/gramisaam/mtre4820-final-project/src/install/mtre4820_rosbot/share/mtre4820_rosbot/environment/path.sh
[74.431s] -- Installing: /home/gramisaam/mtre4820-final-project/src/install/mtre4820_rosbot/share/mtre4820_rosbot/environment/path.dsv
[74.431s] -- Installing: /home/gramisaam/mtre4820-final-project/src/install/mtre4820_rosbot/share/mtre4820_rosbot/local_setup.bash
[74.432s] -- Installing: /home/gramisaam/mtre4820-final-project/src/install/mtre4820_rosbot/share/mtre4820_rosbot/local_setup.sh
[74.432s] -- Installing: /home/gramisaam/mtre4820-final-project/src/install/mtre4820_rosbot/share/mtre4820_rosbot/local_setup.zsh
[74.432s] -- Installing: /home/gramisaam/mtre4820-final-project/src/install/mtre4820_rosbot/share/mtre4820_rosbot/local_setup.dsv
[74.433s] -- Installing: /home/gramisaam/mtre4820-final-project/src/install/mtre4820_rosbot/share/mtre4820_rosbot/package.dsv
[74.434s] -- Installing: /home/gramisaam/mtre4820-final-project/src/install/mtre4820_rosbot/share/ament_index/resource_index/packages/mtre4820_rosbot
[74.434s] -- Installing: /home/gramisaam/mtre4820-final-project/src/install/mtre4820_rosbot/share/mtre4820_rosbot/cmake/mtre4820_rosbotConfig.cmake
[74.434s] -- Installing: /home/gramisaam/mtre4820-final-project/src/install/mtre4820_rosbot/share/mtre4820_rosbot/cmake/mtre4820_rosbotConfig-version.cmake
[74.437s] -- Installing: /home/gramisaam/mtre4820-final-project/src/install/mtre4820_rosbot/share/mtre4820_rosbot/package.xml
[74.441s] Invoked command in '/home/gramisaam/mtre4820-final-project/src/build/mtre4820_rosbot' returned '0': CMAKE_PREFIX_PATH=/opt/ros/humble /usr/bin/cmake --install /home/gramisaam/mtre4820-final-project/src/build/mtre4820_rosbot
