-- Install configuration: ""
-- Up-to-date: /home/gramisaam/mtre4820-final-project/install/mtre4820_rosbot/share/mtre4820_rosbot/urdf
-- Up-to-date: /home/gramisaam/mtre4820-final-project/install/mtre4820_rosbot/share/mtre4820_rosbot/urdf/rosbot.gazebo
-- Up-to-date: /home/gramisaam/mtre4820-final-project/install/mtre4820_rosbot/share/mtre4820_rosbot/urdf/rosbot.xacro
-- Up-to-date: /home/gramisaam/mtre4820-final-project/install/mtre4820_rosbot/share/mtre4820_rosbot/urdf/materials.xacro
-- Up-to-date: /home/gramisaam/mtre4820-final-project/install/mtre4820_rosbot/share/mtre4820_rosbot/meshes
-- Up-to-date: /home/gramisaam/mtre4820-final-project/install/mtre4820_rosbot/share/mtre4820_rosbot/meshes/upper.stl
-- Up-to-date: /home/gramisaam/mtre4820-final-project/install/mtre4820_rosbot/share/mtre4820_rosbot/meshes/astra.stl
-- Up-to-date: /home/gramisaam/mtre4820-final-project/install/mtre4820_rosbot/share/mtre4820_rosbot/meshes/rplidar.stl
-- Up-to-date: /home/gramisaam/mtre4820-final-project/install/mtre4820_rosbot/share/mtre4820_rosbot/meshes/wheel.stl
-- Up-to-date: /home/gramisaam/mtre4820-final-project/install/mtre4820_rosbot/share/mtre4820_rosbot/meshes/box.stl
-- Up-to-date: /home/gramisaam/mtre4820-final-project/install/mtre4820_rosbot/share/mtre4820_rosbot/launch
-- Installing: /home/gramisaam/mtre4820-final-project/install/mtre4820_rosbot/share/mtre4820_rosbot/launch/rosbot.launch.py
-- Up-to-date: /home/gramisaam/mtre4820-final-project/install/mtre4820_rosbot/share/ament_index/resource_index/package_run_dependencies/mtre4820_rosbot
-- Up-to-date: /home/gramisaam/mtre4820-final-project/install/mtre4820_rosbot/share/ament_index/resource_index/parent_prefix_path/mtre4820_rosbot
-- Up-to-date: /home/gramisaam/mtre4820-final-project/install/mtre4820_rosbot/share/mtre4820_rosbot/environment/ament_prefix_path.sh
-- Up-to-date: /home/gramisaam/mtre4820-final-project/install/mtre4820_rosbot/share/mtre4820_rosbot/environment/ament_prefix_path.dsv
-- Up-to-date: /home/gramisaam/mtre4820-final-project/install/mtre4820_rosbot/share/mtre4820_rosbot/environment/path.sh
-- Up-to-date: /home/gramisaam/mtre4820-final-project/install/mtre4820_rosbot/share/mtre4820_rosbot/environment/path.dsv
-- Up-to-date: /home/gramisaam/mtre4820-final-project/install/mtre4820_rosbot/share/mtre4820_rosbot/local_setup.bash
-- Up-to-date: /home/gramisaam/mtre4820-final-project/install/mtre4820_rosbot/share/mtre4820_rosbot/local_setup.sh
-- Up-to-date: /home/gramisaam/mtre4820-final-project/install/mtre4820_rosbot/share/mtre4820_rosbot/local_setup.zsh
-- Up-to-date: /home/gramisaam/mtre4820-final-project/install/mtre4820_rosbot/share/mtre4820_rosbot/local_setup.dsv
-- Installing: /home/gramisaam/mtre4820-final-project/install/mtre4820_rosbot/share/mtre4820_rosbot/package.dsv
-- Up-to-date: /home/gramisaam/mtre4820-final-project/install/mtre4820_rosbot/share/ament_index/resource_index/packages/mtre4820_rosbot
-- Up-to-date: /home/gramisaam/mtre4820-final-project/install/mtre4820_rosbot/share/mtre4820_rosbot/cmake/mtre4820_rosbotConfig.cmake
-- Up-to-date: /home/gramisaam/mtre4820-final-project/install/mtre4820_rosbot/share/mtre4820_rosbot/cmake/mtre4820_rosbotConfig-version.cmake
-- Up-to-date: /home/gramisaam/mtre4820-final-project/install/mtre4820_rosbot/share/mtre4820_rosbot/package.xml
