[0.173s] [34mcolcon[0m [1;30mDEBUG[0m [32mCommand line arguments: ['/usr/bin/colcon', 'build'][0m
[0.173s] [34mcolcon[0m [1;30mDEBUG[0m [32mParsed command line arguments: Namespace(log_base=None, log_level=None, verb_name='build', build_base='build', install_base='install', merge_install=False, symlink_install=False, test_result_base=None, continue_on_error=False, executor='parallel', parallel_workers=8, event_handlers=None, ignore_user_meta=False, metas=['./colcon.meta'], base_paths=['.'], packages_ignore=None, packages_ignore_regex=None, paths=None, packages_up_to=None, packages_up_to_regex=None, packages_above=None, packages_above_and_dependencies=None, packages_above_depth=None, packages_select_by_dep=None, packages_skip_by_dep=None, packages_skip_up_to=None, packages_select_build_failed=False, packages_skip_build_finished=False, packages_select_test_failures=False, packages_skip_test_passed=False, packages_select=None, packages_skip=None, packages_select_regex=None, packages_skip_regex=None, packages_start=None, packages_end=None, allow_overriding=[], cmake_args=None, cmake_target=None, cmake_target_skip_unavailable=False, cmake_clean_cache=False, cmake_clean_first=False, cmake_force_configure=False, ament_cmake_args=None, catkin_cmake_args=None, catkin_skip_building_tests=False, mixin_files=None, mixin=None, verb_parser=<colcon_mixin.mixin.mixin_argument.MixinArgumentDecorator object at 0x7aa74652bf10>, verb_extension=<colcon_core.verb.build.BuildVerb object at 0x7aa74652b970>, main=<bound method BuildVerb.main of <colcon_core.verb.build.BuildVerb object at 0x7aa74652b970>>, mixin_verb=('build',))[0m
[0.336s] [34mcolcon.colcon_core.package_discovery[0m [1;30mLevel 1[0m discover_packages(colcon_meta) check parameters
[0.336s] [34mcolcon.colcon_core.package_discovery[0m [1;30mLevel 1[0m discover_packages(recursive) check parameters
[0.336s] [34mcolcon.colcon_core.package_discovery[0m [1;30mLevel 1[0m discover_packages(ignore) check parameters
[0.336s] [34mcolcon.colcon_core.package_discovery[0m [1;30mLevel 1[0m discover_packages(path) check parameters
[0.336s] [34mcolcon.colcon_core.package_discovery[0m [1;30mLevel 1[0m discover_packages(colcon_meta) discover
[0.336s] [34mcolcon.colcon_core.package_discovery[0m [1;30mLevel 1[0m discover_packages(recursive) discover
[0.336s] [34mcolcon.colcon_core.package_discovery[0m [1;30mINFO[0m Crawling recursively for packages in '/home/gramisaam/mtre4820-final-project'
[0.336s] [34mcolcon.colcon_core.package_identification[0m [1;30mLevel 1[0m _identify(.) by extensions ['ignore', 'ignore_ament_install']
[0.336s] [34mcolcon.colcon_core.package_identification[0m [1;30mLevel 1[0m _identify(.) by extension 'ignore'
[0.336s] [34mcolcon.colcon_core.package_identification[0m [1;30mLevel 1[0m _identify(.) by extension 'ignore_ament_install'
[0.337s] [34mcolcon.colcon_core.package_identification[0m [1;30mLevel 1[0m _identify(.) by extensions ['colcon_pkg']
[0.337s] [34mcolcon.colcon_core.package_identification[0m [1;30mLevel 1[0m _identify(.) by extension 'colcon_pkg'
[0.337s] [34mcolcon.colcon_core.package_identification[0m [1;30mLevel 1[0m _identify(.) by extensions ['colcon_meta']
[0.337s] [34mcolcon.colcon_core.package_identification[0m [1;30mLevel 1[0m _identify(.) by extension 'colcon_meta'
[0.337s] [34mcolcon.colcon_core.package_identification[0m [1;30mLevel 1[0m _identify(.) by extensions ['ros']
[0.337s] [34mcolcon.colcon_core.package_identification[0m [1;30mLevel 1[0m _identify(.) by extension 'ros'
[0.367s] [34mcolcon.colcon_core.package_identification[0m [1;30mLevel 1[0m _identify(.) by extensions ['cmake', 'python']
[0.367s] [34mcolcon.colcon_core.package_identification[0m [1;30mLevel 1[0m _identify(.) by extension 'cmake'
[0.367s] [34mcolcon.colcon_core.package_identification[0m [1;30mLevel 1[0m _identify(.) by extension 'python'
[0.367s] [34mcolcon.colcon_core.package_identification[0m [1;30mLevel 1[0m _identify(.) by extensions ['python_setup_py']
[0.367s] [34mcolcon.colcon_core.package_identification[0m [1;30mLevel 1[0m _identify(.) by extension 'python_setup_py'
[0.368s] [34mcolcon.colcon_core.package_identification[0m [1;30mLevel 1[0m _identify(build) by extensions ['ignore', 'ignore_ament_install']
[0.368s] [34mcolcon.colcon_core.package_identification[0m [1;30mLevel 1[0m _identify(build) by extension 'ignore'
[0.368s] [34mcolcon.colcon_core.package_identification[0m [1;30mLevel 1[0m _identify(build) ignored
[0.368s] [34mcolcon.colcon_core.package_identification[0m [1;30mLevel 1[0m _identify(install) by extensions ['ignore', 'ignore_ament_install']
[0.368s] [34mcolcon.colcon_core.package_identification[0m [1;30mLevel 1[0m _identify(install) by extension 'ignore'
[0.368s] [34mcolcon.colcon_core.package_identification[0m [1;30mLevel 1[0m _identify(install) ignored
[0.368s] [34mcolcon.colcon_core.package_identification[0m [1;30mLevel 1[0m _identify(log) by extensions ['ignore', 'ignore_ament_install']
[0.368s] [34mcolcon.colcon_core.package_identification[0m [1;30mLevel 1[0m _identify(log) by extension 'ignore'
[0.368s] [34mcolcon.colcon_core.package_identification[0m [1;30mLevel 1[0m _identify(log) ignored
[0.368s] [34mcolcon.colcon_core.package_identification[0m [1;30mLevel 1[0m _identify(src) by extensions ['ignore', 'ignore_ament_install']
[0.368s] [34mcolcon.colcon_core.package_identification[0m [1;30mLevel 1[0m _identify(src) by extension 'ignore'
[0.369s] [34mcolcon.colcon_core.package_identification[0m [1;30mLevel 1[0m _identify(src) by extension 'ignore_ament_install'
[0.369s] [34mcolcon.colcon_core.package_identification[0m [1;30mLevel 1[0m _identify(src) by extensions ['colcon_pkg']
[0.369s] [34mcolcon.colcon_core.package_identification[0m [1;30mLevel 1[0m _identify(src) by extension 'colcon_pkg'
[0.369s] [34mcolcon.colcon_core.package_identification[0m [1;30mLevel 1[0m _identify(src) by extensions ['colcon_meta']
[0.369s] [34mcolcon.colcon_core.package_identification[0m [1;30mLevel 1[0m _identify(src) by extension 'colcon_meta'
[0.369s] [34mcolcon.colcon_core.package_identification[0m [1;30mLevel 1[0m _identify(src) by extensions ['ros']
[0.369s] [34mcolcon.colcon_core.package_identification[0m [1;30mLevel 1[0m _identify(src) by extension 'ros'
[0.369s] [34mcolcon.colcon_core.package_identification[0m [1;30mLevel 1[0m _identify(src) by extensions ['cmake', 'python']
[0.369s] [34mcolcon.colcon_core.package_identification[0m [1;30mLevel 1[0m _identify(src) by extension 'cmake'
[0.369s] [34mcolcon.colcon_core.package_identification[0m [1;30mLevel 1[0m _identify(src) by extension 'python'
[0.369s] [34mcolcon.colcon_core.package_identification[0m [1;30mLevel 1[0m _identify(src) by extensions ['python_setup_py']
[0.369s] [34mcolcon.colcon_core.package_identification[0m [1;30mLevel 1[0m _identify(src) by extension 'python_setup_py'
[0.369s] [34mcolcon.colcon_core.package_identification[0m [1;30mLevel 1[0m _identify(src/build) by extensions ['ignore', 'ignore_ament_install']
[0.369s] [34mcolcon.colcon_core.package_identification[0m [1;30mLevel 1[0m _identify(src/build) by extension 'ignore'
[0.369s] [34mcolcon.colcon_core.package_identification[0m [1;30mLevel 1[0m _identify(src/build) ignored
[0.369s] [34mcolcon.colcon_core.package_identification[0m [1;30mLevel 1[0m _identify(src/install) by extensions ['ignore', 'ignore_ament_install']
[0.369s] [34mcolcon.colcon_core.package_identification[0m [1;30mLevel 1[0m _identify(src/install) by extension 'ignore'
[0.369s] [34mcolcon.colcon_core.package_identification[0m [1;30mLevel 1[0m _identify(src/install) ignored
[0.369s] [34mcolcon.colcon_core.package_identification[0m [1;30mLevel 1[0m _identify(src/log) by extensions ['ignore', 'ignore_ament_install']
[0.370s] [34mcolcon.colcon_core.package_identification[0m [1;30mLevel 1[0m _identify(src/log) by extension 'ignore'
[0.370s] [34mcolcon.colcon_core.package_identification[0m [1;30mLevel 1[0m _identify(src/log) ignored
[0.370s] [34mcolcon.colcon_core.package_identification[0m [1;30mLevel 1[0m _identify(src/ml_model) by extensions ['ignore', 'ignore_ament_install']
[0.370s] [34mcolcon.colcon_core.package_identification[0m [1;30mLevel 1[0m _identify(src/ml_model) by extension 'ignore'
[0.370s] [34mcolcon.colcon_core.package_identification[0m [1;30mLevel 1[0m _identify(src/ml_model) by extension 'ignore_ament_install'
[0.370s] [34mcolcon.colcon_core.package_identification[0m [1;30mLevel 1[0m _identify(src/ml_model) by extensions ['colcon_pkg']
[0.370s] [34mcolcon.colcon_core.package_identification[0m [1;30mLevel 1[0m _identify(src/ml_model) by extension 'colcon_pkg'
[0.370s] [34mcolcon.colcon_core.package_identification[0m [1;30mLevel 1[0m _identify(src/ml_model) by extensions ['colcon_meta']
[0.370s] [34mcolcon.colcon_core.package_identification[0m [1;30mLevel 1[0m _identify(src/ml_model) by extension 'colcon_meta'
[0.370s] [34mcolcon.colcon_core.package_identification[0m [1;30mLevel 1[0m _identify(src/ml_model) by extensions ['ros']
[0.370s] [34mcolcon.colcon_core.package_identification[0m [1;30mLevel 1[0m _identify(src/ml_model) by extension 'ros'
[0.373s] [34mcolcon.colcon_core.package_identification[0m [1;30mDEBUG[0m [32mPackage 'src/ml_model' with type 'ros.ament_python' and name 'ml_model'[0m
[0.373s] [34mcolcon.colcon_core.package_identification[0m [1;30mLevel 1[0m _identify(src/mtre4820_rosbot) by extensions ['ignore', 'ignore_ament_install']
[0.373s] [34mcolcon.colcon_core.package_identification[0m [1;30mLevel 1[0m _identify(src/mtre4820_rosbot) by extension 'ignore'
[0.373s] [34mcolcon.colcon_core.package_identification[0m [1;30mLevel 1[0m _identify(src/mtre4820_rosbot) by extension 'ignore_ament_install'
[0.373s] [34mcolcon.colcon_core.package_identification[0m [1;30mLevel 1[0m _identify(src/mtre4820_rosbot) by extensions ['colcon_pkg']
[0.373s] [34mcolcon.colcon_core.package_identification[0m [1;30mLevel 1[0m _identify(src/mtre4820_rosbot) by extension 'colcon_pkg'
[0.373s] [34mcolcon.colcon_core.package_identification[0m [1;30mLevel 1[0m _identify(src/mtre4820_rosbot) by extensions ['colcon_meta']
[0.373s] [34mcolcon.colcon_core.package_identification[0m [1;30mLevel 1[0m _identify(src/mtre4820_rosbot) by extension 'colcon_meta'
[0.373s] [34mcolcon.colcon_core.package_identification[0m [1;30mLevel 1[0m _identify(src/mtre4820_rosbot) by extensions ['ros']
[0.373s] [34mcolcon.colcon_core.package_identification[0m [1;30mLevel 1[0m _identify(src/mtre4820_rosbot) by extension 'ros'
[0.374s] [34mcolcon.colcon_core.package_identification[0m [1;30mDEBUG[0m [32mPackage 'src/mtre4820_rosbot' with type 'ros.ament_cmake' and name 'mtre4820_rosbot'[0m
[0.374s] [34mcolcon.colcon_core.package_identification[0m [1;30mLevel 1[0m _identify(src/node_example_pkg) by extensions ['ignore', 'ignore_ament_install']
[0.374s] [34mcolcon.colcon_core.package_identification[0m [1;30mLevel 1[0m _identify(src/node_example_pkg) by extension 'ignore'
[0.374s] [34mcolcon.colcon_core.package_identification[0m [1;30mLevel 1[0m _identify(src/node_example_pkg) by extension 'ignore_ament_install'
[0.374s] [34mcolcon.colcon_core.package_identification[0m [1;30mLevel 1[0m _identify(src/node_example_pkg) by extensions ['colcon_pkg']
[0.374s] [34mcolcon.colcon_core.package_identification[0m [1;30mLevel 1[0m _identify(src/node_example_pkg) by extension 'colcon_pkg'
[0.374s] [34mcolcon.colcon_core.package_identification[0m [1;30mLevel 1[0m _identify(src/node_example_pkg) by extensions ['colcon_meta']
[0.374s] [34mcolcon.colcon_core.package_identification[0m [1;30mLevel 1[0m _identify(src/node_example_pkg) by extension 'colcon_meta'
[0.374s] [34mcolcon.colcon_core.package_identification[0m [1;30mLevel 1[0m _identify(src/node_example_pkg) by extensions ['ros']
[0.374s] [34mcolcon.colcon_core.package_identification[0m [1;30mLevel 1[0m _identify(src/node_example_pkg) by extension 'ros'
[0.375s] [34mcolcon.colcon_core.package_identification[0m [1;30mDEBUG[0m [32mPackage 'src/node_example_pkg' with type 'ros.ament_python' and name 'node_example_pkg'[0m
[0.375s] [34mcolcon.colcon_core.package_discovery[0m [1;30mLevel 1[0m discover_packages(recursive) using defaults
[0.375s] [34mcolcon.colcon_core.package_discovery[0m [1;30mLevel 1[0m discover_packages(ignore) discover
[0.375s] [34mcolcon.colcon_core.package_discovery[0m [1;30mLevel 1[0m discover_packages(ignore) using defaults
[0.375s] [34mcolcon.colcon_core.package_discovery[0m [1;30mLevel 1[0m discover_packages(path) discover
[0.375s] [34mcolcon.colcon_core.package_discovery[0m [1;30mLevel 1[0m discover_packages(path) using defaults
[0.389s] [34mcolcon.colcon_core.package_discovery[0m [1;30mLevel 1[0m discover_packages(prefix_path) check parameters
[0.389s] [34mcolcon.colcon_core.package_discovery[0m [1;30mLevel 1[0m discover_packages(prefix_path) discover
[0.392s] [34mcolcon.colcon_installed_package_information.package_discovery[0m [1;30mDEBUG[0m [32mFound 3 installed packages in /home/gramisaam/mtre4820-final-project/install[0m
[0.394s] [34mcolcon.colcon_installed_package_information.package_discovery[0m [1;30mDEBUG[0m [32mFound 16 installed packages in /home/gramisaam/rosbot_ws/install[0m
[0.394s] [34mcolcon.colcon_installed_package_information.package_discovery[0m [1;30mDEBUG[0m [32mFound 1 installed packages in /home/gramisaam/mtre4820-final-project/src/install[0m
[0.395s] [34mcolcon.colcon_installed_package_information.package_discovery[0m [1;30mDEBUG[0m [32mFound 477 installed packages in /opt/ros/humble[0m
[0.397s] [34mcolcon.colcon_core.package_discovery[0m [1;30mLevel 1[0m discover_packages(prefix_path) using defaults
[0.445s] [34mcolcon.colcon_core.verb[0m [1;30mLevel 5[0m set package 'ml_model' build argument 'cmake_args' from command line to 'None'
[0.445s] [34mcolcon.colcon_core.verb[0m [1;30mLevel 5[0m set package 'ml_model' build argument 'cmake_target' from command line to 'None'
[0.445s] [34mcolcon.colcon_core.verb[0m [1;30mLevel 5[0m set package 'ml_model' build argument 'cmake_target_skip_unavailable' from command line to 'False'
[0.445s] [34mcolcon.colcon_core.verb[0m [1;30mLevel 5[0m set package 'ml_model' build argument 'cmake_clean_cache' from command line to 'False'
[0.445s] [34mcolcon.colcon_core.verb[0m [1;30mLevel 5[0m set package 'ml_model' build argument 'cmake_clean_first' from command line to 'False'
[0.445s] [34mcolcon.colcon_core.verb[0m [1;30mLevel 5[0m set package 'ml_model' build argument 'cmake_force_configure' from command line to 'False'
[0.445s] [34mcolcon.colcon_core.verb[0m [1;30mLevel 5[0m set package 'ml_model' build argument 'ament_cmake_args' from command line to 'None'
[0.446s] [34mcolcon.colcon_core.verb[0m [1;30mLevel 5[0m set package 'ml_model' build argument 'catkin_cmake_args' from command line to 'None'
[0.446s] [34mcolcon.colcon_core.verb[0m [1;30mLevel 5[0m set package 'ml_model' build argument 'catkin_skip_building_tests' from command line to 'False'
[0.446s] [34mcolcon.colcon_core.verb[0m [1;30mDEBUG[0m [32mBuilding package 'ml_model' with the following arguments: {'ament_cmake_args': None, 'build_base': '/home/gramisaam/mtre4820-final-project/build/ml_model', 'catkin_cmake_args': None, 'catkin_skip_building_tests': False, 'cmake_args': None, 'cmake_clean_cache': False, 'cmake_clean_first': False, 'cmake_force_configure': False, 'cmake_target': None, 'cmake_target_skip_unavailable': False, 'install_base': '/home/gramisaam/mtre4820-final-project/install/ml_model', 'merge_install': False, 'path': '/home/gramisaam/mtre4820-final-project/src/ml_model', 'symlink_install': False, 'test_result_base': None}[0m
[0.446s] [34mcolcon.colcon_core.verb[0m [1;30mLevel 5[0m set package 'mtre4820_rosbot' build argument 'cmake_args' from command line to 'None'
[0.446s] [34mcolcon.colcon_core.verb[0m [1;30mLevel 5[0m set package 'mtre4820_rosbot' build argument 'cmake_target' from command line to 'None'
[0.446s] [34mcolcon.colcon_core.verb[0m [1;30mLevel 5[0m set package 'mtre4820_rosbot' build argument 'cmake_target_skip_unavailable' from command line to 'False'
[0.446s] [34mcolcon.colcon_core.verb[0m [1;30mLevel 5[0m set package 'mtre4820_rosbot' build argument 'cmake_clean_cache' from command line to 'False'
[0.446s] [34mcolcon.colcon_core.verb[0m [1;30mLevel 5[0m set package 'mtre4820_rosbot' build argument 'cmake_clean_first' from command line to 'False'
[0.446s] [34mcolcon.colcon_core.verb[0m [1;30mLevel 5[0m set package 'mtre4820_rosbot' build argument 'cmake_force_configure' from command line to 'False'
[0.446s] [34mcolcon.colcon_core.verb[0m [1;30mLevel 5[0m set package 'mtre4820_rosbot' build argument 'ament_cmake_args' from command line to 'None'
[0.446s] [34mcolcon.colcon_core.verb[0m [1;30mLevel 5[0m set package 'mtre4820_rosbot' build argument 'catkin_cmake_args' from command line to 'None'
[0.446s] [34mcolcon.colcon_core.verb[0m [1;30mLevel 5[0m set package 'mtre4820_rosbot' build argument 'catkin_skip_building_tests' from command line to 'False'
[0.446s] [34mcolcon.colcon_core.verb[0m [1;30mDEBUG[0m [32mBuilding package 'mtre4820_rosbot' with the following arguments: {'ament_cmake_args': None, 'build_base': '/home/gramisaam/mtre4820-final-project/build/mtre4820_rosbot', 'catkin_cmake_args': None, 'catkin_skip_building_tests': False, 'cmake_args': None, 'cmake_clean_cache': False, 'cmake_clean_first': False, 'cmake_force_configure': False, 'cmake_target': None, 'cmake_target_skip_unavailable': False, 'install_base': '/home/gramisaam/mtre4820-final-project/install/mtre4820_rosbot', 'merge_install': False, 'path': '/home/gramisaam/mtre4820-final-project/src/mtre4820_rosbot', 'symlink_install': False, 'test_result_base': None}[0m
[0.446s] [34mcolcon.colcon_core.verb[0m [1;30mLevel 5[0m set package 'node_example_pkg' build argument 'cmake_args' from command line to 'None'
[0.446s] [34mcolcon.colcon_core.verb[0m [1;30mLevel 5[0m set package 'node_example_pkg' build argument 'cmake_target' from command line to 'None'
[0.446s] [34mcolcon.colcon_core.verb[0m [1;30mLevel 5[0m set package 'node_example_pkg' build argument 'cmake_target_skip_unavailable' from command line to 'False'
[0.446s] [34mcolcon.colcon_core.verb[0m [1;30mLevel 5[0m set package 'node_example_pkg' build argument 'cmake_clean_cache' from command line to 'False'
[0.446s] [34mcolcon.colcon_core.verb[0m [1;30mLevel 5[0m set package 'node_example_pkg' build argument 'cmake_clean_first' from command line to 'False'
[0.446s] [34mcolcon.colcon_core.verb[0m [1;30mLevel 5[0m set package 'node_example_pkg' build argument 'cmake_force_configure' from command line to 'False'
[0.446s] [34mcolcon.colcon_core.verb[0m [1;30mLevel 5[0m set package 'node_example_pkg' build argument 'ament_cmake_args' from command line to 'None'
[0.446s] [34mcolcon.colcon_core.verb[0m [1;30mLevel 5[0m set package 'node_example_pkg' build argument 'catkin_cmake_args' from command line to 'None'
[0.446s] [34mcolcon.colcon_core.verb[0m [1;30mLevel 5[0m set package 'node_example_pkg' build argument 'catkin_skip_building_tests' from command line to 'False'
[0.446s] [34mcolcon.colcon_core.verb[0m [1;30mDEBUG[0m [32mBuilding package 'node_example_pkg' with the following arguments: {'ament_cmake_args': None, 'build_base': '/home/gramisaam/mtre4820-final-project/build/node_example_pkg', 'catkin_cmake_args': None, 'catkin_skip_building_tests': False, 'cmake_args': None, 'cmake_clean_cache': False, 'cmake_clean_first': False, 'cmake_force_configure': False, 'cmake_target': None, 'cmake_target_skip_unavailable': False, 'install_base': '/home/gramisaam/mtre4820-final-project/install/node_example_pkg', 'merge_install': False, 'path': '/home/gramisaam/mtre4820-final-project/src/node_example_pkg', 'symlink_install': False, 'test_result_base': None}[0m
[0.447s] [34mcolcon.colcon_core.executor[0m [1;30mINFO[0m Executing jobs using 'parallel' executor
[0.448s] [34mcolcon.colcon_parallel_executor.executor.parallel[0m [1;30mDEBUG[0m [32mrun_until_complete[0m
[0.449s] [34mcolcon.colcon_ros.task.ament_python.build[0m [1;30mINFO[0m Building ROS package in '/home/gramisaam/mtre4820-final-project/src/ml_model' with build type 'ament_python'
[0.449s] [34mcolcon.colcon_core.shell[0m [1;30mLevel 1[0m create_environment_hook('ml_model', 'ament_prefix_path')
[0.451s] [34mcolcon.colcon_core.plugin_system[0m [1;30mINFO[0m Skipping extension 'colcon_core.shell.bat': Not used on non-Windows systems
[0.451s] [34mcolcon.colcon_core.shell[0m [1;30mINFO[0m Creating environment hook '/home/gramisaam/mtre4820-final-project/install/ml_model/share/ml_model/hook/ament_prefix_path.ps1'
[0.451s] [34mcolcon.colcon_core.shell[0m [1;30mINFO[0m Creating environment descriptor '/home/gramisaam/mtre4820-final-project/install/ml_model/share/ml_model/hook/ament_prefix_path.dsv'
[0.452s] [34mcolcon.colcon_core.shell[0m [1;30mINFO[0m Creating environment hook '/home/gramisaam/mtre4820-final-project/install/ml_model/share/ml_model/hook/ament_prefix_path.sh'
[0.453s] [34mcolcon.colcon_core.shell[0m [1;30mINFO[0m Skip shell extension 'powershell' for command environment: Not usable outside of PowerShell
[0.453s] [34mcolcon.colcon_core.shell[0m [1;30mDEBUG[0m [32mSkip shell extension 'dsv' for command environment[0m
[0.458s] [34mcolcon.colcon_ros.task.ament_cmake.build[0m [1;30mINFO[0m Building ROS package in '/home/gramisaam/mtre4820-final-project/src/mtre4820_rosbot' with build type 'ament_cmake'
[0.458s] [34mcolcon.colcon_cmake.task.cmake.build[0m [1;30mINFO[0m Building CMake package in '/home/gramisaam/mtre4820-final-project/src/mtre4820_rosbot'
[0.458s] [34mcolcon.colcon_core.shell[0m [1;30mINFO[0m Skip shell extension 'powershell' for command environment: Not usable outside of PowerShell
[0.458s] [34mcolcon.colcon_core.shell[0m [1;30mDEBUG[0m [32mSkip shell extension 'dsv' for command environment[0m
[0.464s] [34mcolcon.colcon_ros.task.ament_python.build[0m [1;30mINFO[0m Building ROS package in '/home/gramisaam/mtre4820-final-project/src/node_example_pkg' with build type 'ament_python'
[0.465s] [34mcolcon.colcon_core.shell[0m [1;30mLevel 1[0m create_environment_hook('node_example_pkg', 'ament_prefix_path')
[0.465s] [34mcolcon.colcon_core.shell[0m [1;30mINFO[0m Creating environment hook '/home/gramisaam/mtre4820-final-project/install/node_example_pkg/share/node_example_pkg/hook/ament_prefix_path.ps1'
[0.466s] [34mcolcon.colcon_core.shell[0m [1;30mINFO[0m Creating environment descriptor '/home/gramisaam/mtre4820-final-project/install/node_example_pkg/share/node_example_pkg/hook/ament_prefix_path.dsv'
[0.466s] [34mcolcon.colcon_core.shell[0m [1;30mINFO[0m Creating environment hook '/home/gramisaam/mtre4820-final-project/install/node_example_pkg/share/node_example_pkg/hook/ament_prefix_path.sh'
[0.467s] [34mcolcon.colcon_core.shell[0m [1;30mINFO[0m Skip shell extension 'powershell' for command environment: Not usable outside of PowerShell
[0.467s] [34mcolcon.colcon_core.shell[0m [1;30mDEBUG[0m [32mSkip shell extension 'dsv' for command environment[0m
[0.722s] [34mcolcon.colcon_core.task.python.build[0m [1;30mINFO[0m Building Python package in '/home/gramisaam/mtre4820-final-project/src/ml_model'
[0.722s] [34mcolcon.colcon_core.shell[0m [1;30mINFO[0m Skip shell extension 'powershell' for command environment: Not usable outside of PowerShell
[0.722s] [34mcolcon.colcon_core.shell[0m [1;30mDEBUG[0m [32mSkip shell extension 'dsv' for command environment[0m
[0.734s] [34mcolcon.colcon_core.event_handler.log_command[0m [1;30mDEBUG[0m [32mInvoking command in '/home/gramisaam/mtre4820-final-project/build/mtre4820_rosbot': CMAKE_PREFIX_PATH=${CMAKE_PREFIX_PATH}:/home/gramisaam/mtre4820-final-project/install/node_example_pkg:/home/gramisaam/mtre4820-final-project/install/ml_model:/home/gramisaam/rosbot_ws/install/rosbot_gazebo:/home/gramisaam/rosbot_ws/install/rosbot_controller:/home/gramisaam/rosbot_ws/install/rosbot_utils:/home/gramisaam/rosbot_ws/install/rosbot_bringup:/opt/ros/humble /usr/bin/cmake --build /home/gramisaam/mtre4820-final-project/build/mtre4820_rosbot -- -j8 -l8[0m
[0.978s] [34mcolcon.colcon_core.task.python.build[0m [1;30mINFO[0m Building Python package in '/home/gramisaam/mtre4820-final-project/src/node_example_pkg'
[0.979s] [34mcolcon.colcon_core.shell[0m [1;30mINFO[0m Skip shell extension 'powershell' for command environment: Not usable outside of PowerShell
[0.979s] [34mcolcon.colcon_core.shell[0m [1;30mDEBUG[0m [32mSkip shell extension 'dsv' for command environment[0m
[0.989s] [34mcolcon.colcon_core.event_handler.log_command[0m [1;30mDEBUG[0m [32mInvoked command in '/home/gramisaam/mtre4820-final-project/build/mtre4820_rosbot' returned '0': CMAKE_PREFIX_PATH=${CMAKE_PREFIX_PATH}:/home/gramisaam/mtre4820-final-project/install/node_example_pkg:/home/gramisaam/mtre4820-final-project/install/ml_model:/home/gramisaam/rosbot_ws/install/rosbot_gazebo:/home/gramisaam/rosbot_ws/install/rosbot_controller:/home/gramisaam/rosbot_ws/install/rosbot_utils:/home/gramisaam/rosbot_ws/install/rosbot_bringup:/opt/ros/humble /usr/bin/cmake --build /home/gramisaam/mtre4820-final-project/build/mtre4820_rosbot -- -j8 -l8[0m
[1.002s] [34mcolcon.colcon_core.event_handler.log_command[0m [1;30mDEBUG[0m [32mInvoking command in '/home/gramisaam/mtre4820-final-project/build/mtre4820_rosbot': CMAKE_PREFIX_PATH=${CMAKE_PREFIX_PATH}:/home/gramisaam/mtre4820-final-project/install/node_example_pkg:/home/gramisaam/mtre4820-final-project/install/ml_model:/home/gramisaam/rosbot_ws/install/rosbot_gazebo:/home/gramisaam/rosbot_ws/install/rosbot_controller:/home/gramisaam/rosbot_ws/install/rosbot_utils:/home/gramisaam/rosbot_ws/install/rosbot_bringup:/opt/ros/humble /usr/bin/cmake --install /home/gramisaam/mtre4820-final-project/build/mtre4820_rosbot[0m
[1.014s] [34mcolcon.colcon_core.environment[0m [1;30mLevel 1[0m create_environment_scripts_only(mtre4820_rosbot)
[1.015s] [34mcolcon.colcon_core.event_handler.log_command[0m [1;30mDEBUG[0m [32mInvoked command in '/home/gramisaam/mtre4820-final-project/build/mtre4820_rosbot' returned '0': CMAKE_PREFIX_PATH=${CMAKE_PREFIX_PATH}:/home/gramisaam/mtre4820-final-project/install/node_example_pkg:/home/gramisaam/mtre4820-final-project/install/ml_model:/home/gramisaam/rosbot_ws/install/rosbot_gazebo:/home/gramisaam/rosbot_ws/install/rosbot_controller:/home/gramisaam/rosbot_ws/install/rosbot_utils:/home/gramisaam/rosbot_ws/install/rosbot_bringup:/opt/ros/humble /usr/bin/cmake --install /home/gramisaam/mtre4820-final-project/build/mtre4820_rosbot[0m
[1.017s] [34mcolcon.colcon_core.environment[0m [1;30mLevel 1[0m checking '/home/gramisaam/mtre4820-final-project/install/mtre4820_rosbot' for CMake module files
[1.017s] [34mcolcon.colcon_core.environment[0m [1;30mLevel 1[0m checking '/home/gramisaam/mtre4820-final-project/install/mtre4820_rosbot' for CMake config files
[1.017s] [34mcolcon.colcon_core.shell[0m [1;30mLevel 1[0m create_environment_hook('mtre4820_rosbot', 'cmake_prefix_path')
[1.018s] [34mcolcon.colcon_core.shell[0m [1;30mINFO[0m Creating environment hook '/home/gramisaam/mtre4820-final-project/install/mtre4820_rosbot/share/mtre4820_rosbot/hook/cmake_prefix_path.ps1'
[1.018s] [34mcolcon.colcon_core.shell[0m [1;30mINFO[0m Creating environment descriptor '/home/gramisaam/mtre4820-final-project/install/mtre4820_rosbot/share/mtre4820_rosbot/hook/cmake_prefix_path.dsv'
[1.018s] [34mcolcon.colcon_core.shell[0m [1;30mINFO[0m Creating environment hook '/home/gramisaam/mtre4820-final-project/install/mtre4820_rosbot/share/mtre4820_rosbot/hook/cmake_prefix_path.sh'
[1.019s] [34mcolcon.colcon_core.environment[0m [1;30mLevel 1[0m checking '/home/gramisaam/mtre4820-final-project/install/mtre4820_rosbot/bin'
[1.019s] [34mcolcon.colcon_core.environment[0m [1;30mLevel 1[0m checking '/home/gramisaam/mtre4820-final-project/install/mtre4820_rosbot/lib/pkgconfig/mtre4820_rosbot.pc'
[1.020s] [34mcolcon.colcon_core.environment[0m [1;30mLevel 1[0m checking '/home/gramisaam/mtre4820-final-project/install/mtre4820_rosbot/lib/python3.10/site-packages'
[1.020s] [34mcolcon.colcon_core.environment[0m [1;30mLevel 1[0m checking '/home/gramisaam/mtre4820-final-project/install/mtre4820_rosbot/bin'
[1.020s] [34mcolcon.colcon_core.shell[0m [1;30mINFO[0m Creating package script '/home/gramisaam/mtre4820-final-project/install/mtre4820_rosbot/share/mtre4820_rosbot/package.ps1'
[1.021s] [34mcolcon.colcon_core.shell[0m [1;30mINFO[0m Creating package descriptor '/home/gramisaam/mtre4820-final-project/install/mtre4820_rosbot/share/mtre4820_rosbot/package.dsv'
[1.022s] [34mcolcon.colcon_core.shell[0m [1;30mINFO[0m Creating package script '/home/gramisaam/mtre4820-final-project/install/mtre4820_rosbot/share/mtre4820_rosbot/package.sh'
[1.023s] [34mcolcon.colcon_core.shell[0m [1;30mINFO[0m Creating package script '/home/gramisaam/mtre4820-final-project/install/mtre4820_rosbot/share/mtre4820_rosbot/package.bash'
[1.023s] [34mcolcon.colcon_core.shell[0m [1;30mINFO[0m Creating package script '/home/gramisaam/mtre4820-final-project/install/mtre4820_rosbot/share/mtre4820_rosbot/package.zsh'
[1.024s] [34mcolcon.colcon_core.environment[0m [1;30mLevel 1[0m create_file_with_runtime_dependencies(/home/gramisaam/mtre4820-final-project/install/mtre4820_rosbot/share/colcon-core/packages/mtre4820_rosbot)
[1.024s] [34mcolcon.colcon_core.environment[0m [1;30mLevel 1[0m create_environment_scripts_only(mtre4820_rosbot)
[1.024s] [34mcolcon.colcon_core.environment[0m [1;30mLevel 1[0m checking '/home/gramisaam/mtre4820-final-project/install/mtre4820_rosbot' for CMake module files
[1.025s] [34mcolcon.colcon_core.environment[0m [1;30mLevel 1[0m checking '/home/gramisaam/mtre4820-final-project/install/mtre4820_rosbot' for CMake config files
[1.025s] [34mcolcon.colcon_core.shell[0m [1;30mLevel 1[0m create_environment_hook('mtre4820_rosbot', 'cmake_prefix_path')
[1.025s] [34mcolcon.colcon_core.shell[0m [1;30mINFO[0m Creating environment hook '/home/gramisaam/mtre4820-final-project/install/mtre4820_rosbot/share/mtre4820_rosbot/hook/cmake_prefix_path.ps1'
[1.026s] [34mcolcon.colcon_core.shell[0m [1;30mINFO[0m Creating environment descriptor '/home/gramisaam/mtre4820-final-project/install/mtre4820_rosbot/share/mtre4820_rosbot/hook/cmake_prefix_path.dsv'
[1.026s] [34mcolcon.colcon_core.shell[0m [1;30mINFO[0m Creating environment hook '/home/gramisaam/mtre4820-final-project/install/mtre4820_rosbot/share/mtre4820_rosbot/hook/cmake_prefix_path.sh'
[1.026s] [34mcolcon.colcon_core.environment[0m [1;30mLevel 1[0m checking '/home/gramisaam/mtre4820-final-project/install/mtre4820_rosbot/bin'
[1.026s] [34mcolcon.colcon_core.environment[0m [1;30mLevel 1[0m checking '/home/gramisaam/mtre4820-final-project/install/mtre4820_rosbot/lib/pkgconfig/mtre4820_rosbot.pc'
[1.027s] [34mcolcon.colcon_core.environment[0m [1;30mLevel 1[0m checking '/home/gramisaam/mtre4820-final-project/install/mtre4820_rosbot/lib/python3.10/site-packages'
[1.027s] [34mcolcon.colcon_core.environment[0m [1;30mLevel 1[0m checking '/home/gramisaam/mtre4820-final-project/install/mtre4820_rosbot/bin'
[1.027s] [34mcolcon.colcon_core.shell[0m [1;30mINFO[0m Creating package script '/home/gramisaam/mtre4820-final-project/install/mtre4820_rosbot/share/mtre4820_rosbot/package.ps1'
[1.027s] [34mcolcon.colcon_core.shell[0m [1;30mINFO[0m Creating package descriptor '/home/gramisaam/mtre4820-final-project/install/mtre4820_rosbot/share/mtre4820_rosbot/package.dsv'
[1.028s] [34mcolcon.colcon_core.shell[0m [1;30mINFO[0m Creating package script '/home/gramisaam/mtre4820-final-project/install/mtre4820_rosbot/share/mtre4820_rosbot/package.sh'
[1.028s] [34mcolcon.colcon_core.shell[0m [1;30mINFO[0m Creating package script '/home/gramisaam/mtre4820-final-project/install/mtre4820_rosbot/share/mtre4820_rosbot/package.bash'
[1.029s] [34mcolcon.colcon_core.shell[0m [1;30mINFO[0m Creating package script '/home/gramisaam/mtre4820-final-project/install/mtre4820_rosbot/share/mtre4820_rosbot/package.zsh'
[1.029s] [34mcolcon.colcon_core.environment[0m [1;30mLevel 1[0m create_file_with_runtime_dependencies(/home/gramisaam/mtre4820-final-project/install/mtre4820_rosbot/share/colcon-core/packages/mtre4820_rosbot)
[1.354s] [34mcolcon.colcon_core.event_handler.log_command[0m [1;30mDEBUG[0m [32mInvoking command in '/home/gramisaam/mtre4820-final-project/src/ml_model': PYTHONPATH=/home/gramisaam/mtre4820-final-project/build/ml_model/prefix_override:/usr/lib/python3/dist-packages/colcon_core/task/python/colcon_distutils_commands:/home/gramisaam/mtre4820-final-project/install/ml_model/lib/python3.10/site-packages:${PYTHONPATH} /usr/bin/python3 -W ignore:setup.py install is deprecated -W ignore:easy_install command is deprecated setup.py egg_info --egg-base ../../build/ml_model build --build-base /home/gramisaam/mtre4820-final-project/build/ml_model/build install --record /home/gramisaam/mtre4820-final-project/build/ml_model/install.log --single-version-externally-managed install_data[0m
[1.362s] [34mcolcon.colcon_core.event_handler.log_command[0m [1;30mDEBUG[0m [32mInvoking command in '/home/gramisaam/mtre4820-final-project/src/node_example_pkg': PYTHONPATH=/home/gramisaam/mtre4820-final-project/build/node_example_pkg/prefix_override:/usr/lib/python3/dist-packages/colcon_core/task/python/colcon_distutils_commands:/home/gramisaam/mtre4820-final-project/install/node_example_pkg/lib/python3.10/site-packages:${PYTHONPATH} /usr/bin/python3 -W ignore:setup.py install is deprecated -W ignore:easy_install command is deprecated setup.py egg_info --egg-base ../../build/node_example_pkg build --build-base /home/gramisaam/mtre4820-final-project/build/node_example_pkg/build install --record /home/gramisaam/mtre4820-final-project/build/node_example_pkg/install.log --single-version-externally-managed install_data[0m
[1.667s] [34mcolcon.colcon_core.environment[0m [1;30mLevel 1[0m checking '/home/gramisaam/mtre4820-final-project/install/ml_model' for CMake module files
[1.667s] [34mcolcon.colcon_core.event_handler.log_command[0m [1;30mDEBUG[0m [32mInvoked command in '/home/gramisaam/mtre4820-final-project/src/ml_model' returned '0': PYTHONPATH=/home/gramisaam/mtre4820-final-project/build/ml_model/prefix_override:/usr/lib/python3/dist-packages/colcon_core/task/python/colcon_distutils_commands:/home/gramisaam/mtre4820-final-project/install/ml_model/lib/python3.10/site-packages:${PYTHONPATH} /usr/bin/python3 -W ignore:setup.py install is deprecated -W ignore:easy_install command is deprecated setup.py egg_info --egg-base ../../build/ml_model build --build-base /home/gramisaam/mtre4820-final-project/build/ml_model/build install --record /home/gramisaam/mtre4820-final-project/build/ml_model/install.log --single-version-externally-managed install_data[0m
[1.668s] [34mcolcon.colcon_core.environment[0m [1;30mLevel 1[0m checking '/home/gramisaam/mtre4820-final-project/install/ml_model' for CMake config files
[1.668s] [34mcolcon.colcon_core.environment[0m [1;30mLevel 1[0m checking '/home/gramisaam/mtre4820-final-project/install/ml_model/lib'
[1.668s] [34mcolcon.colcon_core.environment[0m [1;30mLevel 1[0m checking '/home/gramisaam/mtre4820-final-project/install/ml_model/bin'
[1.668s] [34mcolcon.colcon_core.environment[0m [1;30mLevel 1[0m checking '/home/gramisaam/mtre4820-final-project/install/ml_model/lib/pkgconfig/ml_model.pc'
[1.668s] [34mcolcon.colcon_core.environment[0m [1;30mLevel 1[0m checking '/home/gramisaam/mtre4820-final-project/install/ml_model/lib/python3.10/site-packages'
[1.669s] [34mcolcon.colcon_core.shell[0m [1;30mLevel 1[0m create_environment_hook('ml_model', 'pythonpath')
[1.669s] [34mcolcon.colcon_core.shell[0m [1;30mINFO[0m Creating environment hook '/home/gramisaam/mtre4820-final-project/install/ml_model/share/ml_model/hook/pythonpath.ps1'
[1.669s] [34mcolcon.colcon_core.shell[0m [1;30mINFO[0m Creating environment descriptor '/home/gramisaam/mtre4820-final-project/install/ml_model/share/ml_model/hook/pythonpath.dsv'
[1.670s] [34mcolcon.colcon_core.shell[0m [1;30mINFO[0m Creating environment hook '/home/gramisaam/mtre4820-final-project/install/ml_model/share/ml_model/hook/pythonpath.sh'
[1.671s] [34mcolcon.colcon_core.environment[0m [1;30mLevel 1[0m checking '/home/gramisaam/mtre4820-final-project/install/ml_model/bin'
[1.671s] [34mcolcon.colcon_core.environment[0m [1;30mLevel 1[0m create_environment_scripts_only(ml_model)
[1.671s] [34mcolcon.colcon_core.shell[0m [1;30mINFO[0m Creating package script '/home/gramisaam/mtre4820-final-project/install/ml_model/share/ml_model/package.ps1'
[1.671s] [34mcolcon.colcon_core.shell[0m [1;30mINFO[0m Creating package descriptor '/home/gramisaam/mtre4820-final-project/install/ml_model/share/ml_model/package.dsv'
[1.672s] [34mcolcon.colcon_core.shell[0m [1;30mINFO[0m Creating package script '/home/gramisaam/mtre4820-final-project/install/ml_model/share/ml_model/package.sh'
[1.672s] [34mcolcon.colcon_core.shell[0m [1;30mINFO[0m Creating package script '/home/gramisaam/mtre4820-final-project/install/ml_model/share/ml_model/package.bash'
[1.672s] [34mcolcon.colcon_core.shell[0m [1;30mINFO[0m Creating package script '/home/gramisaam/mtre4820-final-project/install/ml_model/share/ml_model/package.zsh'
[1.673s] [34mcolcon.colcon_core.environment[0m [1;30mLevel 1[0m create_file_with_runtime_dependencies(/home/gramisaam/mtre4820-final-project/install/ml_model/share/colcon-core/packages/ml_model)
[1.676s] [34mcolcon.colcon_core.environment[0m [1;30mLevel 1[0m checking '/home/gramisaam/mtre4820-final-project/install/node_example_pkg' for CMake module files
[1.677s] [34mcolcon.colcon_core.event_handler.log_command[0m [1;30mDEBUG[0m [32mInvoked command in '/home/gramisaam/mtre4820-final-project/src/node_example_pkg' returned '0': PYTHONPATH=/home/gramisaam/mtre4820-final-project/build/node_example_pkg/prefix_override:/usr/lib/python3/dist-packages/colcon_core/task/python/colcon_distutils_commands:/home/gramisaam/mtre4820-final-project/install/node_example_pkg/lib/python3.10/site-packages:${PYTHONPATH} /usr/bin/python3 -W ignore:setup.py install is deprecated -W ignore:easy_install command is deprecated setup.py egg_info --egg-base ../../build/node_example_pkg build --build-base /home/gramisaam/mtre4820-final-project/build/node_example_pkg/build install --record /home/gramisaam/mtre4820-final-project/build/node_example_pkg/install.log --single-version-externally-managed install_data[0m
[1.677s] [34mcolcon.colcon_core.environment[0m [1;30mLevel 1[0m checking '/home/gramisaam/mtre4820-final-project/install/node_example_pkg' for CMake config files
[1.677s] [34mcolcon.colcon_core.environment[0m [1;30mLevel 1[0m checking '/home/gramisaam/mtre4820-final-project/install/node_example_pkg/lib'
[1.677s] [34mcolcon.colcon_core.environment[0m [1;30mLevel 1[0m checking '/home/gramisaam/mtre4820-final-project/install/node_example_pkg/bin'
[1.677s] [34mcolcon.colcon_core.environment[0m [1;30mLevel 1[0m checking '/home/gramisaam/mtre4820-final-project/install/node_example_pkg/lib/pkgconfig/node_example_pkg.pc'
[1.678s] [34mcolcon.colcon_core.environment[0m [1;30mLevel 1[0m checking '/home/gramisaam/mtre4820-final-project/install/node_example_pkg/lib/python3.10/site-packages'
[1.678s] [34mcolcon.colcon_core.shell[0m [1;30mLevel 1[0m create_environment_hook('node_example_pkg', 'pythonpath')
[1.678s] [34mcolcon.colcon_core.shell[0m [1;30mINFO[0m Creating environment hook '/home/gramisaam/mtre4820-final-project/install/node_example_pkg/share/node_example_pkg/hook/pythonpath.ps1'
[1.678s] [34mcolcon.colcon_core.shell[0m [1;30mINFO[0m Creating environment descriptor '/home/gramisaam/mtre4820-final-project/install/node_example_pkg/share/node_example_pkg/hook/pythonpath.dsv'
[1.679s] [34mcolcon.colcon_core.shell[0m [1;30mINFO[0m Creating environment hook '/home/gramisaam/mtre4820-final-project/install/node_example_pkg/share/node_example_pkg/hook/pythonpath.sh'
[1.679s] [34mcolcon.colcon_core.environment[0m [1;30mLevel 1[0m checking '/home/gramisaam/mtre4820-final-project/install/node_example_pkg/bin'
[1.679s] [34mcolcon.colcon_core.environment[0m [1;30mLevel 1[0m create_environment_scripts_only(node_example_pkg)
[1.680s] [34mcolcon.colcon_core.shell[0m [1;30mINFO[0m Creating package script '/home/gramisaam/mtre4820-final-project/install/node_example_pkg/share/node_example_pkg/package.ps1'
[1.680s] [34mcolcon.colcon_core.shell[0m [1;30mINFO[0m Creating package descriptor '/home/gramisaam/mtre4820-final-project/install/node_example_pkg/share/node_example_pkg/package.dsv'
[1.680s] [34mcolcon.colcon_core.shell[0m [1;30mINFO[0m Creating package script '/home/gramisaam/mtre4820-final-project/install/node_example_pkg/share/node_example_pkg/package.sh'
[1.681s] [34mcolcon.colcon_core.shell[0m [1;30mINFO[0m Creating package script '/home/gramisaam/mtre4820-final-project/install/node_example_pkg/share/node_example_pkg/package.bash'
[1.681s] [34mcolcon.colcon_core.shell[0m [1;30mINFO[0m Creating package script '/home/gramisaam/mtre4820-final-project/install/node_example_pkg/share/node_example_pkg/package.zsh'
[1.682s] [34mcolcon.colcon_core.environment[0m [1;30mLevel 1[0m create_file_with_runtime_dependencies(/home/gramisaam/mtre4820-final-project/install/node_example_pkg/share/colcon-core/packages/node_example_pkg)
[1.682s] [34mcolcon.colcon_parallel_executor.executor.parallel[0m [1;30mDEBUG[0m [32mclosing loop[0m
[1.682s] [34mcolcon.colcon_parallel_executor.executor.parallel[0m [1;30mDEBUG[0m [32mloop closed[0m
[1.682s] [34mcolcon.colcon_parallel_executor.executor.parallel[0m [1;30mDEBUG[0m [32mrun_until_complete finished with '0'[0m
[1.683s] [34mcolcon.colcon_core.event_reactor[0m [1;30mDEBUG[0m [32mjoining thread[0m
[1.734s] [34mcolcon.colcon_core.plugin_system[0m [1;30mINFO[0m Skipping extension 'colcon_notification.desktop_notification.notify_send': Could not find 'notify-send'
[1.735s] [34mcolcon.colcon_core.plugin_system[0m [1;30mINFO[0m Skipping extension 'colcon_notification.desktop_notification.terminal_notifier': Not used on non-Darwin systems
[1.735s] [34mcolcon.colcon_core.plugin_system[0m [1;30mINFO[0m Skipping extension 'colcon_notification.desktop_notification.win32': Not used on non-Windows systems
[1.735s] [34mcolcon.colcon_notification.desktop_notification[0m [1;30mINFO[0m Sending desktop notification using 'notify2'
[1.735s] [34mcolcon.colcon_notification.desktop_notification.notify2[0m [1;30mDEBUG[0m [32mFailed to initialize notify2: org.freedesktop.DBus.Error.FileNotFound: Failed to connect to socket /run/user/1000/bus: No such file or directory[0m
[1.735s] [34mcolcon.colcon_core.event_reactor[0m [1;30mDEBUG[0m [32mjoined thread[0m
[1.736s] [34mcolcon.colcon_core.shell[0m [1;30mINFO[0m Creating prefix script '/home/gramisaam/mtre4820-final-project/install/local_setup.ps1'
[1.737s] [34mcolcon.colcon_core.shell[0m [1;30mINFO[0m Creating prefix util module '/home/gramisaam/mtre4820-final-project/install/_local_setup_util_ps1.py'
[1.738s] [34mcolcon.colcon_core.shell[0m [1;30mINFO[0m Creating prefix chain script '/home/gramisaam/mtre4820-final-project/install/setup.ps1'
[1.739s] [34mcolcon.colcon_core.shell[0m [1;30mINFO[0m Creating prefix script '/home/gramisaam/mtre4820-final-project/install/local_setup.sh'
[1.740s] [34mcolcon.colcon_core.shell[0m [1;30mINFO[0m Creating prefix util module '/home/gramisaam/mtre4820-final-project/install/_local_setup_util_sh.py'
[1.740s] [34mcolcon.colcon_core.shell[0m [1;30mINFO[0m Creating prefix chain script '/home/gramisaam/mtre4820-final-project/install/setup.sh'
[1.741s] [34mcolcon.colcon_core.shell[0m [1;30mINFO[0m Creating prefix script '/home/gramisaam/mtre4820-final-project/install/local_setup.bash'
[1.742s] [34mcolcon.colcon_core.shell[0m [1;30mINFO[0m Creating prefix chain script '/home/gramisaam/mtre4820-final-project/install/setup.bash'
[1.743s] [34mcolcon.colcon_core.shell[0m [1;30mINFO[0m Creating prefix script '/home/gramisaam/mtre4820-final-project/install/local_setup.zsh'
[1.743s] [34mcolcon.colcon_core.shell[0m [1;30mINFO[0m Creating prefix chain script '/home/gramisaam/mtre4820-final-project/install/setup.zsh'
