[0.897s] Invoking command in '/home/gramisaam/mtre4820-final-project/src/node_example_pkg': PYTHONPATH=/home/gramisaam/mtre4820-final-project/build/node_example_pkg/prefix_override:/usr/lib/python3/dist-packages/colcon_core/task/python/colcon_distutils_commands:/home/gramisaam/mtre4820-final-project/install/node_example_pkg/lib/python3.10/site-packages:${PYTHONPATH} /usr/bin/python3 -W ignore:setup.py install is deprecated -W ignore:easy_install command is deprecated setup.py egg_info --egg-base ../../build/node_example_pkg build --build-base /home/gramisaam/mtre4820-final-project/build/node_example_pkg/build install --record /home/gramisaam/mtre4820-final-project/build/node_example_pkg/install.log --single-version-externally-managed install_data
[1.152s] running egg_info
[1.153s] writing ../../build/node_example_pkg/node_example_pkg.egg-info/PKG-INFO
[1.153s] writing dependency_links to ../../build/node_example_pkg/node_example_pkg.egg-info/dependency_links.txt
[1.154s] writing entry points to ../../build/node_example_pkg/node_example_pkg.egg-info/entry_points.txt
[1.154s] writing requirements to ../../build/node_example_pkg/node_example_pkg.egg-info/requires.txt
[1.154s] writing top-level names to ../../build/node_example_pkg/node_example_pkg.egg-info/top_level.txt
[1.156s] reading manifest file '../../build/node_example_pkg/node_example_pkg.egg-info/SOURCES.txt'
[1.157s] writing manifest file '../../build/node_example_pkg/node_example_pkg.egg-info/SOURCES.txt'
[1.157s] running build
[1.157s] running build_py
[1.157s] running install
[1.158s] running install_lib
[1.159s] running install_data
[1.159s] running install_egg_info
[1.161s] removing '/home/gramisaam/mtre4820-final-project/install/node_example_pkg/lib/python3.10/site-packages/node_example_pkg-0.0.0-py3.10.egg-info' (and everything under it)
[1.161s] Copying ../../build/node_example_pkg/node_example_pkg.egg-info to /home/gramisaam/mtre4820-final-project/install/node_example_pkg/lib/python3.10/site-packages/node_example_pkg-0.0.0-py3.10.egg-info
[1.162s] running install_scripts
[1.184s] Installing printer_node script to /home/gramisaam/mtre4820-final-project/install/node_example_pkg/lib/node_example_pkg
[1.184s] writing list of installed files to '/home/gramisaam/mtre4820-final-project/build/node_example_pkg/install.log'
[1.211s] Invoked command in '/home/gramisaam/mtre4820-final-project/src/node_example_pkg' returned '0': PYTHONPATH=/home/gramisaam/mtre4820-final-project/build/node_example_pkg/prefix_override:/usr/lib/python3/dist-packages/colcon_core/task/python/colcon_distutils_commands:/home/gramisaam/mtre4820-final-project/install/node_example_pkg/lib/python3.10/site-packages:${PYTHONPATH} /usr/bin/python3 -W ignore:setup.py install is deprecated -W ignore:easy_install command is deprecated setup.py egg_info --egg-base ../../build/node_example_pkg build --build-base /home/gramisaam/mtre4820-final-project/build/node_example_pkg/build install --record /home/gramisaam/mtre4820-final-project/build/node_example_pkg/install.log --single-version-externally-managed install_data
