[0.902s] Invoking command in '/home/gramisaam/mtre4820-final-project/build/mtre4820_rosbot': CMAKE_PREFIX_PATH=${CMAKE_PREFIX_PATH}:/home/gramisaam/mtre4820-final-project/install/ml_model:/home/gramisaam/mtre4820-final-project/install/node_example_pkg:/home/gramisaam/rosbot_ws/install/rosbot_gazebo:/home/gramisaam/rosbot_ws/install/rosbot_controller:/home/gramisaam/rosbot_ws/install/rosbot_utils:/home/gramisaam/rosbot_ws/install/rosbot_bringup:/opt/ros/humble /usr/bin/cmake --build /home/gramisaam/mtre4820-final-project/build/mtre4820_rosbot -- -j8 -l8
[1.798s] Invoked command in '/home/gramisaam/mtre4820-final-project/build/mtre4820_rosbot' returned '0': CMAKE_PREFIX_PATH=${CMAKE_PREFIX_PATH}:/home/gramisaam/mtre4820-final-project/install/ml_model:/home/gramisaam/mtre4820-final-project/install/node_example_pkg:/home/gramisaam/rosbot_ws/install/rosbot_gazebo:/home/gramisaam/rosbot_ws/install/rosbot_controller:/home/gramisaam/rosbot_ws/install/rosbot_utils:/home/gramisaam/rosbot_ws/install/rosbot_bringup:/opt/ros/humble /usr/bin/cmake --build /home/gramisaam/mtre4820-final-project/build/mtre4820_rosbot -- -j8 -l8
[1.825s] Invoking command in '/home/gramisaam/mtre4820-final-project/build/mtre4820_rosbot': CMAKE_PREFIX_PATH=${CMAKE_PREFIX_PATH}:/home/gramisaam/mtre4820-final-project/install/ml_model:/home/gramisaam/mtre4820-final-project/install/node_example_pkg:/home/gramisaam/rosbot_ws/install/rosbot_gazebo:/home/gramisaam/rosbot_ws/install/rosbot_controller:/home/gramisaam/rosbot_ws/install/rosbot_utils:/home/gramisaam/rosbot_ws/install/rosbot_bringup:/opt/ros/humble /usr/bin/cmake --install /home/gramisaam/mtre4820-final-project/build/mtre4820_rosbot
[1.859s] -- Install configuration: ""
[1.860s] -- Up-to-date: /home/gramisaam/mtre4820-final-project/install/mtre4820_rosbot/share/mtre4820_rosbot/urdf
[1.860s] -- Up-to-date: /home/gramisaam/mtre4820-final-project/install/mtre4820_rosbot/share/mtre4820_rosbot/urdf/rosbot.gazebo
[1.860s] -- Up-to-date: /home/gramisaam/mtre4820-final-project/install/mtre4820_rosbot/share/mtre4820_rosbot/urdf/rosbot.xacro
[1.860s] -- Up-to-date: /home/gramisaam/mtre4820-final-project/install/mtre4820_rosbot/share/mtre4820_rosbot/urdf/materials.xacro
[1.860s] -- Up-to-date: /home/gramisaam/mtre4820-final-project/install/mtre4820_rosbot/share/mtre4820_rosbot/meshes
[1.860s] -- Up-to-date: /home/gramisaam/mtre4820-final-project/install/mtre4820_rosbot/share/mtre4820_rosbot/meshes/upper.stl
[1.860s] -- Up-to-date: /home/gramisaam/mtre4820-final-project/install/mtre4820_rosbot/share/mtre4820_rosbot/meshes/astra.stl
[1.861s] -- Up-to-date: /home/gramisaam/mtre4820-final-project/install/mtre4820_rosbot/share/mtre4820_rosbot/meshes/rplidar.stl
[1.861s] -- Up-to-date: /home/gramisaam/mtre4820-final-project/install/mtre4820_rosbot/share/mtre4820_rosbot/meshes/wheel.stl
[1.861s] -- Up-to-date: /home/gramisaam/mtre4820-final-project/install/mtre4820_rosbot/share/mtre4820_rosbot/meshes/box.stl
[1.861s] -- Up-to-date: /home/gramisaam/mtre4820-final-project/install/mtre4820_rosbot/share/mtre4820_rosbot/launch
[1.861s] -- Up-to-date: /home/gramisaam/mtre4820-final-project/install/mtre4820_rosbot/share/mtre4820_rosbot/launch/rosbot.launch.py
[1.861s] -- Up-to-date: /home/gramisaam/mtre4820-final-project/install/mtre4820_rosbot/share/ament_index/resource_index/package_run_dependencies/mtre4820_rosbot
[1.861s] -- Up-to-date: /home/gramisaam/mtre4820-final-project/install/mtre4820_rosbot/share/ament_index/resource_index/parent_prefix_path/mtre4820_rosbot
[1.861s] -- Up-to-date: /home/gramisaam/mtre4820-final-project/install/mtre4820_rosbot/share/mtre4820_rosbot/environment/ament_prefix_path.sh
[1.861s] -- Up-to-date: /home/gramisaam/mtre4820-final-project/install/mtre4820_rosbot/share/mtre4820_rosbot/environment/ament_prefix_path.dsv
[1.861s] -- Up-to-date: /home/gramisaam/mtre4820-final-project/install/mtre4820_rosbot/share/mtre4820_rosbot/environment/path.sh
[1.862s] -- Up-to-date: /home/gramisaam/mtre4820-final-project/install/mtre4820_rosbot/share/mtre4820_rosbot/environment/path.dsv
[1.862s] -- Up-to-date: /home/gramisaam/mtre4820-final-project/install/mtre4820_rosbot/share/mtre4820_rosbot/local_setup.bash
[1.862s] -- Up-to-date: /home/gramisaam/mtre4820-final-project/install/mtre4820_rosbot/share/mtre4820_rosbot/local_setup.sh
[1.862s] -- Up-to-date: /home/gramisaam/mtre4820-final-project/install/mtre4820_rosbot/share/mtre4820_rosbot/local_setup.zsh
[1.862s] -- Up-to-date: /home/gramisaam/mtre4820-final-project/install/mtre4820_rosbot/share/mtre4820_rosbot/local_setup.dsv
[1.862s] -- Installing: /home/gramisaam/mtre4820-final-project/install/mtre4820_rosbot/share/mtre4820_rosbot/package.dsv
[1.862s] -- Up-to-date: /home/gramisaam/mtre4820-final-project/install/mtre4820_rosbot/share/ament_index/resource_index/packages/mtre4820_rosbot
[1.862s] -- Up-to-date: /home/gramisaam/mtre4820-final-project/install/mtre4820_rosbot/share/mtre4820_rosbot/cmake/mtre4820_rosbotConfig.cmake
[1.862s] -- Up-to-date: /home/gramisaam/mtre4820-final-project/install/mtre4820_rosbot/share/mtre4820_rosbot/cmake/mtre4820_rosbotConfig-version.cmake
[1.863s] -- Up-to-date: /home/gramisaam/mtre4820-final-project/install/mtre4820_rosbot/share/mtre4820_rosbot/package.xml
[1.863s] Invoked command in '/home/gramisaam/mtre4820-final-project/build/mtre4820_rosbot' returned '0': CMAKE_PREFIX_PATH=${CMAKE_PREFIX_PATH}:/home/gramisaam/mtre4820-final-project/install/ml_model:/home/gramisaam/mtre4820-final-project/install/node_example_pkg:/home/gramisaam/rosbot_ws/install/rosbot_gazebo:/home/gramisaam/rosbot_ws/install/rosbot_controller:/home/gramisaam/rosbot_ws/install/rosbot_utils:/home/gramisaam/rosbot_ws/install/rosbot_bringup:/opt/ros/humble /usr/bin/cmake --install /home/gramisaam/mtre4820-final-project/build/mtre4820_rosbot
