[2.755s] Invoking command in '/home/gramisaam/mtre4820-final-project/src/ml_model': PYTHONPATH=/home/gramisaam/mtre4820-final-project/build/ml_model/prefix_override:/usr/lib/python3/dist-packages/colcon_core/task/python/colcon_distutils_commands:/home/gramisaam/mtre4820-final-project/install/ml_model/lib/python3.10/site-packages:${PYTHONPATH} /usr/bin/python3 -W ignore:setup.py install is deprecated -W ignore:easy_install command is deprecated setup.py egg_info --egg-base ../../build/ml_model build --build-base /home/gramisaam/mtre4820-final-project/build/ml_model/build install --record /home/gramisaam/mtre4820-final-project/build/ml_model/install.log --single-version-externally-managed install_data
[3.662s] running egg_info
[3.665s] writing ../../build/ml_model/ml_model.egg-info/PKG-INFO
[3.666s] writing dependency_links to ../../build/ml_model/ml_model.egg-info/dependency_links.txt
[3.666s] writing entry points to ../../build/ml_model/ml_model.egg-info/entry_points.txt
[3.667s] writing requirements to ../../build/ml_model/ml_model.egg-info/requires.txt
[3.671s] writing top-level names to ../../build/ml_model/ml_model.egg-info/top_level.txt
[3.674s] reading manifest file '../../build/ml_model/ml_model.egg-info/SOURCES.txt'
[3.685s] writing manifest file '../../build/ml_model/ml_model.egg-info/SOURCES.txt'
[3.685s] running build
[3.685s] running build_py
[3.687s] running install
[3.688s] running install_lib
[3.693s] running install_data
[3.694s] running install_egg_info
[3.700s] removing '/home/gramisaam/mtre4820-final-project/install/ml_model/lib/python3.10/site-packages/ml_model-0.0.0-py3.10.egg-info' (and everything under it)
[3.700s] Copying ../../build/ml_model/ml_model.egg-info to /home/gramisaam/mtre4820-final-project/install/ml_model/lib/python3.10/site-packages/ml_model-0.0.0-py3.10.egg-info
[3.703s] running install_scripts
[3.764s] Installing ambulance_controller script to /home/gramisaam/mtre4820-final-project/install/ml_model/lib/ml_model
[3.764s] Installing model_node script to /home/gramisaam/mtre4820-final-project/install/ml_model/lib/ml_model
[3.764s] writing list of installed files to '/home/gramisaam/mtre4820-final-project/build/ml_model/install.log'
[3.846s] Invoked command in '/home/gramisaam/mtre4820-final-project/src/ml_model' returned '0': PYTHONPATH=/home/gramisaam/mtre4820-final-project/build/ml_model/prefix_override:/usr/lib/python3/dist-packages/colcon_core/task/python/colcon_distutils_commands:/home/gramisaam/mtre4820-final-project/install/ml_model/lib/python3.10/site-packages:${PYTHONPATH} /usr/bin/python3 -W ignore:setup.py install is deprecated -W ignore:easy_install command is deprecated setup.py egg_info --egg-base ../../build/ml_model build --build-base /home/gramisaam/mtre4820-final-project/build/ml_model/build install --record /home/gramisaam/mtre4820-final-project/build/ml_model/install.log --single-version-externally-managed install_data
