running egg_info
creating ../../build/node_example_pkg/node_example_pkg.egg-info
writing ../../build/node_example_pkg/node_example_pkg.egg-info/PKG-INFO
writing dependency_links to ../../build/node_example_pkg/node_example_pkg.egg-info/dependency_links.txt
writing entry points to ../../build/node_example_pkg/node_example_pkg.egg-info/entry_points.txt
writing requirements to ../../build/node_example_pkg/node_example_pkg.egg-info/requires.txt
writing top-level names to ../../build/node_example_pkg/node_example_pkg.egg-info/top_level.txt
writing manifest file '../../build/node_example_pkg/node_example_pkg.egg-info/SOURCES.txt'
reading manifest file '../../build/node_example_pkg/node_example_pkg.egg-info/SOURCES.txt'
writing manifest file '../../build/node_example_pkg/node_example_pkg.egg-info/SOURCES.txt'
running build
running build_py
creating /home/gramisaam/mtre4820-final-project/build/node_example_pkg/build
creating /home/gramisaam/mtre4820-final-project/build/node_example_pkg/build/lib
creating /home/gramisaam/mtre4820-final-project/build/node_example_pkg/build/lib/node_example_pkg
copying node_example_pkg/__init__.py -> /home/gramisaam/mtre4820-final-project/build/node_example_pkg/build/lib/node_example_pkg
running install
running install_lib
creating /home/gramisaam/mtre4820-final-project/install/node_example_pkg/lib/python3.10/site-packages/node_example_pkg
copying /home/gramisaam/mtre4820-final-project/build/node_example_pkg/build/lib/node_example_pkg/__init__.py -> /home/gramisaam/mtre4820-final-project/install/node_example_pkg/lib/python3.10/site-packages/node_example_pkg
byte-compiling /home/gramisaam/mtre4820-final-project/install/node_example_pkg/lib/python3.10/site-packages/node_example_pkg/__init__.py to __init__.cpython-310.pyc
running install_data
creating /home/gramisaam/mtre4820-final-project/install/node_example_pkg/share/ament_index
creating /home/gramisaam/mtre4820-final-project/install/node_example_pkg/share/ament_index/resource_index
creating /home/gramisaam/mtre4820-final-project/install/node_example_pkg/share/ament_index/resource_index/packages
copying resource/node_example_pkg -> /home/gramisaam/mtre4820-final-project/install/node_example_pkg/share/ament_index/resource_index/packages
copying package.xml -> /home/gramisaam/mtre4820-final-project/install/node_example_pkg/share/node_example_pkg
running install_egg_info
Copying ../../build/node_example_pkg/node_example_pkg.egg-info to /home/gramisaam/mtre4820-final-project/install/node_example_pkg/lib/python3.10/site-packages/node_example_pkg-0.0.0-py3.10.egg-info
running install_scripts
writing list of installed files to '/home/gramisaam/mtre4820-final-project/build/node_example_pkg/install.log'
