[1.466s] Invoking command in '/home/gramisaam/mtre4820-final-project/src/node_example_pkg': PYTHONPATH=/home/gramisaam/mtre4820-final-project/build/node_example_pkg/prefix_override:/usr/lib/python3/dist-packages/colcon_core/task/python/colcon_distutils_commands:/home/gramisaam/mtre4820-final-project/install/node_example_pkg/lib/python3.10/site-packages:${PYTHONPATH} /usr/bin/python3 -W ignore:setup.py install is deprecated -W ignore:easy_install command is deprecated setup.py egg_info --egg-base ../../build/node_example_pkg build --build-base /home/gramisaam/mtre4820-final-project/build/node_example_pkg/build install --record /home/gramisaam/mtre4820-final-project/build/node_example_pkg/install.log --single-version-externally-managed install_data
[1.957s] running egg_info
[1.959s] creating ../../build/node_example_pkg/node_example_pkg.egg-info
[1.960s] writing ../../build/node_example_pkg/node_example_pkg.egg-info/PKG-INFO
[1.961s] writing dependency_links to ../../build/node_example_pkg/node_example_pkg.egg-info/dependency_links.txt
[1.961s] writing entry points to ../../build/node_example_pkg/node_example_pkg.egg-info/entry_points.txt
[1.962s] writing requirements to ../../build/node_example_pkg/node_example_pkg.egg-info/requires.txt
[1.962s] writing top-level names to ../../build/node_example_pkg/node_example_pkg.egg-info/top_level.txt
[1.962s] writing manifest file '../../build/node_example_pkg/node_example_pkg.egg-info/SOURCES.txt'
[1.966s] reading manifest file '../../build/node_example_pkg/node_example_pkg.egg-info/SOURCES.txt'
[1.967s] writing manifest file '../../build/node_example_pkg/node_example_pkg.egg-info/SOURCES.txt'
[1.968s] running build
[1.968s] running build_py
[1.968s] creating /home/gramisaam/mtre4820-final-project/build/node_example_pkg/build
[1.969s] creating /home/gramisaam/mtre4820-final-project/build/node_example_pkg/build/lib
[1.969s] creating /home/gramisaam/mtre4820-final-project/build/node_example_pkg/build/lib/node_example_pkg
[1.969s] copying node_example_pkg/__init__.py -> /home/gramisaam/mtre4820-final-project/build/node_example_pkg/build/lib/node_example_pkg
[1.970s] running install
[1.970s] running install_lib
[1.972s] creating /home/gramisaam/mtre4820-final-project/install/node_example_pkg/lib/python3.10/site-packages/node_example_pkg
[1.973s] copying /home/gramisaam/mtre4820-final-project/build/node_example_pkg/build/lib/node_example_pkg/__init__.py -> /home/gramisaam/mtre4820-final-project/install/node_example_pkg/lib/python3.10/site-packages/node_example_pkg
[1.974s] byte-compiling /home/gramisaam/mtre4820-final-project/install/node_example_pkg/lib/python3.10/site-packages/node_example_pkg/__init__.py to __init__.cpython-310.pyc
[1.974s] running install_data
[1.975s] creating /home/gramisaam/mtre4820-final-project/install/node_example_pkg/share/ament_index
[1.975s] creating /home/gramisaam/mtre4820-final-project/install/node_example_pkg/share/ament_index/resource_index
[1.976s] creating /home/gramisaam/mtre4820-final-project/install/node_example_pkg/share/ament_index/resource_index/packages
[1.976s] copying resource/node_example_pkg -> /home/gramisaam/mtre4820-final-project/install/node_example_pkg/share/ament_index/resource_index/packages
[1.976s] copying package.xml -> /home/gramisaam/mtre4820-final-project/install/node_example_pkg/share/node_example_pkg
[1.977s] running install_egg_info
[1.979s] Copying ../../build/node_example_pkg/node_example_pkg.egg-info to /home/gramisaam/mtre4820-final-project/install/node_example_pkg/lib/python3.10/site-packages/node_example_pkg-0.0.0-py3.10.egg-info
[1.983s] running install_scripts
[2.014s] writing list of installed files to '/home/gramisaam/mtre4820-final-project/build/node_example_pkg/install.log'
[2.058s] Invoked command in '/home/gramisaam/mtre4820-final-project/src/node_example_pkg' returned '0': PYTHONPATH=/home/gramisaam/mtre4820-final-project/build/node_example_pkg/prefix_override:/usr/lib/python3/dist-packages/colcon_core/task/python/colcon_distutils_commands:/home/gramisaam/mtre4820-final-project/install/node_example_pkg/lib/python3.10/site-packages:${PYTHONPATH} /usr/bin/python3 -W ignore:setup.py install is deprecated -W ignore:easy_install command is deprecated setup.py egg_info --egg-base ../../build/node_example_pkg build --build-base /home/gramisaam/mtre4820-final-project/build/node_example_pkg/build install --record /home/gramisaam/mtre4820-final-project/build/node_example_pkg/install.log --single-version-externally-managed install_data
