[3.423s] Invoking command in '/home/gramisaam/mtre4820-final-project/src/ml_model': PYTHONPATH=/home/gramisaam/mtre4820-final-project/build/ml_model/prefix_override:/usr/lib/python3/dist-packages/colcon_core/task/python/colcon_distutils_commands:/home/gramisaam/mtre4820-final-project/install/ml_model/lib/python3.10/site-packages:${PYTHONPATH} /usr/bin/python3 -W ignore:setup.py install is deprecated -W ignore:easy_install command is deprecated setup.py egg_info --egg-base ../../build/ml_model build --build-base /home/gramisaam/mtre4820-final-project/build/ml_model/build install --record /home/gramisaam/mtre4820-final-project/build/ml_model/install.log --single-version-externally-managed install_data
[4.431s] running egg_info
[4.440s] writing ../../build/ml_model/ml_model.egg-info/PKG-INFO
[4.440s] writing dependency_links to ../../build/ml_model/ml_model.egg-info/dependency_links.txt
[4.440s] writing entry points to ../../build/ml_model/ml_model.egg-info/entry_points.txt
[4.440s] writing requirements to ../../build/ml_model/ml_model.egg-info/requires.txt
[4.441s] writing top-level names to ../../build/ml_model/ml_model.egg-info/top_level.txt
[4.441s] reading manifest file '../../build/ml_model/ml_model.egg-info/SOURCES.txt'
[4.441s] writing manifest file '../../build/ml_model/ml_model.egg-info/SOURCES.txt'
[4.441s] running build
[4.441s] running build_py
[4.441s] copying ml_model/model_node.py -> /home/gramisaam/mtre4820-final-project/build/ml_model/build/lib/ml_model
[4.441s] running install
[4.441s] running install_lib
[4.446s] copying /home/gramisaam/mtre4820-final-project/build/ml_model/build/lib/ml_model/model_node.py -> /home/gramisaam/mtre4820-final-project/install/ml_model/lib/python3.10/site-packages/ml_model
[4.461s] byte-compiling /home/gramisaam/mtre4820-final-project/install/ml_model/lib/python3.10/site-packages/ml_model/model_node.py to model_node.cpython-310.pyc
[4.462s] running install_data
[4.462s] running install_egg_info
[4.462s] removing '/home/gramisaam/mtre4820-final-project/install/ml_model/lib/python3.10/site-packages/ml_model-0.0.0-py3.10.egg-info' (and everything under it)
[4.462s] Copying ../../build/ml_model/ml_model.egg-info to /home/gramisaam/mtre4820-final-project/install/ml_model/lib/python3.10/site-packages/ml_model-0.0.0-py3.10.egg-info
[4.464s] running install_scripts
[4.540s] Installing model_node script to /home/gramisaam/mtre4820-final-project/install/ml_model/lib/ml_model
[4.540s] writing list of installed files to '/home/gramisaam/mtre4820-final-project/build/ml_model/install.log'
[4.603s] Invoked command in '/home/gramisaam/mtre4820-final-project/src/ml_model' returned '0': PYTHONPATH=/home/gramisaam/mtre4820-final-project/build/ml_model/prefix_override:/usr/lib/python3/dist-packages/colcon_core/task/python/colcon_distutils_commands:/home/gramisaam/mtre4820-final-project/install/ml_model/lib/python3.10/site-packages:${PYTHONPATH} /usr/bin/python3 -W ignore:setup.py install is deprecated -W ignore:easy_install command is deprecated setup.py egg_info --egg-base ../../build/ml_model build --build-base /home/gramisaam/mtre4820-final-project/build/ml_model/build install --record /home/gramisaam/mtre4820-final-project/build/ml_model/install.log --single-version-externally-managed install_data
