[1.791s] Invoking command in '/home/gramisaam/mtre4820-final-project/src/ml_model': PYTHONPATH=/home/gramisaam/mtre4820-final-project/build/ml_model/prefix_override:/usr/lib/python3/dist-packages/colcon_core/task/python/colcon_distutils_commands:/home/gramisaam/mtre4820-final-project/install/ml_model/lib/python3.10/site-packages:${PYTHONPATH} /usr/bin/python3 -W ignore:setup.py install is deprecated -W ignore:easy_install command is deprecated setup.py egg_info --egg-base ../../build/ml_model build --build-base /home/gramisaam/mtre4820-final-project/build/ml_model/build install --record /home/gramisaam/mtre4820-final-project/build/ml_model/install.log --single-version-externally-managed install_data
[2.379s] running egg_info
[2.381s] writing ../../build/ml_model/ml_model.egg-info/PKG-INFO
[2.382s] writing dependency_links to ../../build/ml_model/ml_model.egg-info/dependency_links.txt
[2.382s] writing entry points to ../../build/ml_model/ml_model.egg-info/entry_points.txt
[2.383s] writing requirements to ../../build/ml_model/ml_model.egg-info/requires.txt
[2.383s] writing top-level names to ../../build/ml_model/ml_model.egg-info/top_level.txt
[2.389s] reading manifest file '../../build/ml_model/ml_model.egg-info/SOURCES.txt'
[2.391s] writing manifest file '../../build/ml_model/ml_model.egg-info/SOURCES.txt'
[2.391s] running build
[2.392s] running build_py
[2.392s] copying ml_model/data_prep_2.py -> /home/gramisaam/mtre4820-final-project/build/ml_model/build/lib/ml_model
[2.393s] running install
[2.394s] running install_lib
[2.396s] copying /home/gramisaam/mtre4820-final-project/build/ml_model/build/lib/ml_model/data_prep_2.py -> /home/gramisaam/mtre4820-final-project/install/ml_model/lib/python3.10/site-packages/ml_model
[2.397s] byte-compiling /home/gramisaam/mtre4820-final-project/install/ml_model/lib/python3.10/site-packages/ml_model/data_prep_2.py to data_prep_2.cpython-310.pyc
[2.401s] running install_data
[2.401s] running install_egg_info
[2.405s] removing '/home/gramisaam/mtre4820-final-project/install/ml_model/lib/python3.10/site-packages/ml_model-0.0.0-py3.10.egg-info' (and everything under it)
[2.405s] Copying ../../build/ml_model/ml_model.egg-info to /home/gramisaam/mtre4820-final-project/install/ml_model/lib/python3.10/site-packages/ml_model-0.0.0-py3.10.egg-info
[2.407s] running install_scripts
[2.444s] Installing data_prep script to /home/gramisaam/mtre4820-final-project/install/ml_model/lib/ml_model
[2.444s] Installing data_prep_2 script to /home/gramisaam/mtre4820-final-project/install/ml_model/lib/ml_model
[2.445s] Installing model_node script to /home/gramisaam/mtre4820-final-project/install/ml_model/lib/ml_model
[2.446s] writing list of installed files to '/home/gramisaam/mtre4820-final-project/build/ml_model/install.log'
[2.491s] Invoked command in '/home/gramisaam/mtre4820-final-project/src/ml_model' returned '0': PYTHONPATH=/home/gramisaam/mtre4820-final-project/build/ml_model/prefix_override:/usr/lib/python3/dist-packages/colcon_core/task/python/colcon_distutils_commands:/home/gramisaam/mtre4820-final-project/install/ml_model/lib/python3.10/site-packages:${PYTHONPATH} /usr/bin/python3 -W ignore:setup.py install is deprecated -W ignore:easy_install command is deprecated setup.py egg_info --egg-base ../../build/ml_model build --build-base /home/gramisaam/mtre4820-final-project/build/ml_model/build install --record /home/gramisaam/mtre4820-final-project/build/ml_model/install.log --single-version-externally-managed install_data
